ds1307.c:27:9:RTC_DS1307_Init	16	static
ds1307.c:48:6:RTC_DS1307_Set_Current_Time	24	static
ds1307.c:94:6:RTC_DS1307_Get_Current_Time	24	static
ds1307.c:140:6:RTC_DS1307_Set_Current_Date	24	static
ds1307.c:162:6:RTC_DS1307_Get_Current_Date	24	static
ds1307.c:184:13:RTC_DS1307_I2C_Pin_Config	32	static
ds1307.c:216:13:RTC_DS1307_I2C_Config	8	static
ds1307.c:225:13:RTC_DS1307_Write	32	static
ds1307.c:233:16:RTC_DS1307_Read	32	static
ds1307.c:241:16:Binary_to_BCD	24	static
ds1307.c:257:16:BCD_to_Binary	24	static
