Archive member included to satisfy reference by file (symbol)

c:/st/stm32cubeide_1.7.0/stm32cubeide/plugins/com.st.stm32cube.ide.mcu.externaltools.gnu-tools-for-stm32.9-2020-q2-update.win32_2.0.0.202105311346/tools/bin/../lib/gcc/arm-none-eabi/9.3.1/../../../../arm-none-eabi/lib/thumb/v7e-m/nofp\libc_nano.a(lib_a-errno.o)
                              ./Src/syscalls.o (__errno)
c:/st/stm32cubeide_1.7.0/stm32cubeide/plugins/com.st.stm32cube.ide.mcu.externaltools.gnu-tools-for-stm32.9-2020-q2-update.win32_2.0.0.202105311346/tools/bin/../lib/gcc/arm-none-eabi/9.3.1/../../../../arm-none-eabi/lib/thumb/v7e-m/nofp\libc_nano.a(lib_a-exit.o)
                              c:/st/stm32cubeide_1.7.0/stm32cubeide/plugins/com.st.stm32cube.ide.mcu.externaltools.gnu-tools-for-stm32.9-2020-q2-update.win32_2.0.0.202105311346/tools/bin/../lib/gcc/arm-none-eabi/9.3.1/../../../../arm-none-eabi/lib/thumb/v7e-m/nofp/crt0.o (exit)
c:/st/stm32cubeide_1.7.0/stm32cubeide/plugins/com.st.stm32cube.ide.mcu.externaltools.gnu-tools-for-stm32.9-2020-q2-update.win32_2.0.0.202105311346/tools/bin/../lib/gcc/arm-none-eabi/9.3.1/../../../../arm-none-eabi/lib/thumb/v7e-m/nofp\libc_nano.a(lib_a-impure.o)
                              c:/st/stm32cubeide_1.7.0/stm32cubeide/plugins/com.st.stm32cube.ide.mcu.externaltools.gnu-tools-for-stm32.9-2020-q2-update.win32_2.0.0.202105311346/tools/bin/../lib/gcc/arm-none-eabi/9.3.1/../../../../arm-none-eabi/lib/thumb/v7e-m/nofp\libc_nano.a(lib_a-exit.o) (_global_impure_ptr)
c:/st/stm32cubeide_1.7.0/stm32cubeide/plugins/com.st.stm32cube.ide.mcu.externaltools.gnu-tools-for-stm32.9-2020-q2-update.win32_2.0.0.202105311346/tools/bin/../lib/gcc/arm-none-eabi/9.3.1/../../../../arm-none-eabi/lib/thumb/v7e-m/nofp\libc_nano.a(lib_a-init.o)
                              c:/st/stm32cubeide_1.7.0/stm32cubeide/plugins/com.st.stm32cube.ide.mcu.externaltools.gnu-tools-for-stm32.9-2020-q2-update.win32_2.0.0.202105311346/tools/bin/../lib/gcc/arm-none-eabi/9.3.1/../../../../arm-none-eabi/lib/thumb/v7e-m/nofp/crt0.o (__libc_init_array)
c:/st/stm32cubeide_1.7.0/stm32cubeide/plugins/com.st.stm32cube.ide.mcu.externaltools.gnu-tools-for-stm32.9-2020-q2-update.win32_2.0.0.202105311346/tools/bin/../lib/gcc/arm-none-eabi/9.3.1/../../../../arm-none-eabi/lib/thumb/v7e-m/nofp\libc_nano.a(lib_a-memset.o)
                              c:/st/stm32cubeide_1.7.0/stm32cubeide/plugins/com.st.stm32cube.ide.mcu.externaltools.gnu-tools-for-stm32.9-2020-q2-update.win32_2.0.0.202105311346/tools/bin/../lib/gcc/arm-none-eabi/9.3.1/../../../../arm-none-eabi/lib/thumb/v7e-m/nofp/crt0.o (memset)
c:/st/stm32cubeide_1.7.0/stm32cubeide/plugins/com.st.stm32cube.ide.mcu.externaltools.gnu-tools-for-stm32.9-2020-q2-update.win32_2.0.0.202105311346/tools/bin/../lib/gcc/arm-none-eabi/9.3.1/../../../../arm-none-eabi/lib/thumb/v7e-m/nofp\libc_nano.a(lib_a-puts.o)
                              ./Src/RTC_LCD.o (puts)
c:/st/stm32cubeide_1.7.0/stm32cubeide/plugins/com.st.stm32cube.ide.mcu.externaltools.gnu-tools-for-stm32.9-2020-q2-update.win32_2.0.0.202105311346/tools/bin/../lib/gcc/arm-none-eabi/9.3.1/../../../../arm-none-eabi/lib/thumb/v7e-m/nofp\libc_nano.a(lib_a-wbuf.o)
                              c:/st/stm32cubeide_1.7.0/stm32cubeide/plugins/com.st.stm32cube.ide.mcu.externaltools.gnu-tools-for-stm32.9-2020-q2-update.win32_2.0.0.202105311346/tools/bin/../lib/gcc/arm-none-eabi/9.3.1/../../../../arm-none-eabi/lib/thumb/v7e-m/nofp\libc_nano.a(lib_a-puts.o) (__swbuf_r)
c:/st/stm32cubeide_1.7.0/stm32cubeide/plugins/com.st.stm32cube.ide.mcu.externaltools.gnu-tools-for-stm32.9-2020-q2-update.win32_2.0.0.202105311346/tools/bin/../lib/gcc/arm-none-eabi/9.3.1/../../../../arm-none-eabi/lib/thumb/v7e-m/nofp\libc_nano.a(lib_a-wsetup.o)
                              c:/st/stm32cubeide_1.7.0/stm32cubeide/plugins/com.st.stm32cube.ide.mcu.externaltools.gnu-tools-for-stm32.9-2020-q2-update.win32_2.0.0.202105311346/tools/bin/../lib/gcc/arm-none-eabi/9.3.1/../../../../arm-none-eabi/lib/thumb/v7e-m/nofp\libc_nano.a(lib_a-puts.o) (__swsetup_r)
c:/st/stm32cubeide_1.7.0/stm32cubeide/plugins/com.st.stm32cube.ide.mcu.externaltools.gnu-tools-for-stm32.9-2020-q2-update.win32_2.0.0.202105311346/tools/bin/../lib/gcc/arm-none-eabi/9.3.1/../../../../arm-none-eabi/lib/thumb/v7e-m/nofp\libc_nano.a(lib_a-fflush.o)
                              c:/st/stm32cubeide_1.7.0/stm32cubeide/plugins/com.st.stm32cube.ide.mcu.externaltools.gnu-tools-for-stm32.9-2020-q2-update.win32_2.0.0.202105311346/tools/bin/../lib/gcc/arm-none-eabi/9.3.1/../../../../arm-none-eabi/lib/thumb/v7e-m/nofp\libc_nano.a(lib_a-wbuf.o) (_fflush_r)
c:/st/stm32cubeide_1.7.0/stm32cubeide/plugins/com.st.stm32cube.ide.mcu.externaltools.gnu-tools-for-stm32.9-2020-q2-update.win32_2.0.0.202105311346/tools/bin/../lib/gcc/arm-none-eabi/9.3.1/../../../../arm-none-eabi/lib/thumb/v7e-m/nofp\libc_nano.a(lib_a-findfp.o)
[...]
Memory Configuration

Name             Origin             Length             Attributes
RAM              0x0000000020000000 0x0000000000020000 xrw
FLASH            0x0000000008000000 0x0000000000080000 xr
*default*        0x0000000000000000 0xffffffffffffffff

Linker script and memory map

LOAD c:/st/stm32cubeide_1.7.0/stm32cubeide/plugins/com.st.stm32cube.ide.mcu.externaltools.gnu-tools-for-stm32.9-2020-q2-update.win32_2.0.0.202105311346/tools/bin/../lib/gcc/arm-none-eabi/9.3.1/thumb/v7e-m/nofp/crti.o
LOAD c:/st/stm32cubeide_1.7.0/stm32cubeide/plugins/com.st.stm32cube.ide.mcu.externaltools.gnu-tools-for-stm32.9-2020-q2-update.win32_2.0.0.202105311346/tools/bin/../lib/gcc/arm-none-eabi/9.3.1/thumb/v7e-m/nofp/crtbegin.o
LOAD c:/st/stm32cubeide_1.7.0/stm32cubeide/plugins/com.st.stm32cube.ide.mcu.externaltools.gnu-tools-for-stm32.9-2020-q2-update.win32_2.0.0.202105311346/tools/bin/../lib/gcc/arm-none-eabi/9.3.1/../../../../arm-none-eabi/lib/thumb/v7e-m/nofp/crt0.o
LOAD ./Src/RTC_LCD.o
LOAD ./Src/syscalls.o
LOAD ./Src/sysmem.o
LOAD ./Startup/startup_stm32f446retx.o
LOAD ./bsp/ds1307.o
LOAD ./bsp/lcd.o
LOAD ./driver/Src/stm32f446xx_gpio_driver.o
LOAD ./driver/Src/stm32f446xx_i2c_driver.o
LOAD ./driver/Src/stm32f446xx_rcc_driver.o
START GROUP
LOAD c:/st/stm32cubeide_1.7.0/stm32cubeide/plugins/com.st.stm32cube.ide.mcu.externaltools.gnu-tools-for-stm32.9-2020-q2-update.win32_2.0.0.202105311346/tools/bin/../lib/gcc/arm-none-eabi/9.3.1/../../../../arm-none-eabi/lib/thumb/v7e-m/nofp\libc_nano.a
LOAD c:/st/stm32cubeide_1.7.0/stm32cubeide/plugins/com.st.stm32cube.ide.mcu.externaltools.gnu-tools-for-stm32.9-2020-q2-update.win32_2.0.0.202105311346/tools/bin/../lib/gcc/arm-none-eabi/9.3.1/../../../../arm-none-eabi/lib/thumb/v7e-m/nofp\libm.a
END GROUP
START GROUP
LOAD c:/st/stm32cubeide_1.7.0/stm32cubeide/plugins/com.st.stm32cube.ide.mcu.externaltools.gnu-tools-for-stm32.9-2020-q2-update.win32_2.0.0.202105311346/tools/bin/../lib/gcc/arm-none-eabi/9.3.1/thumb/v7e-m/nofp\libgcc.a
LOAD c:/st/stm32cubeide_1.7.0/stm32cubeide/plugins/com.st.stm32cube.ide.mcu.externaltools.gnu-tools-for-stm32.9-2020-q2-update.win32_2.0.0.202105311346/tools/bin/../lib/gcc/arm-none-eabi/9.3.1/../../../../arm-none-eabi/lib/thumb/v7e-m/nofp\libc_nano.a
END GROUP
START GROUP
LOAD c:/st/stm32cubeide_1.7.0/stm32cubeide/plugins/com.st.stm32cube.ide.mcu.externaltools.gnu-tools-for-stm32.9-2020-q2-update.win32_2.0.0.202105311346/tools/bin/../lib/gcc/arm-none-eabi/9.3.1/thumb/v7e-m/nofp\libgcc.a
LOAD c:/st/stm32cubeide_1.7.0/stm32cubeide/plugins/com.st.stm32cube.ide.mcu.externaltools.gnu-tools-for-stm32.9-2020-q2-update.win32_2.0.0.202105311346/tools/bin/../lib/gcc/arm-none-eabi/9.3.1/../../../../arm-none-eabi/lib/thumb/v7e-m/nofp\libc_nano.a
LOAD c:/st/stm32cubeide_1.7.0/stm32cubeide/plugins/com.st.stm32cube.ide.mcu.externaltools.gnu-tools-for-stm32.9-2020-q2-update.win32_2.0.0.202105311346/tools/bin/../lib/gcc/arm-none-eabi/9.3.1/../../../../arm-none-eabi/lib/thumb/v7e-m/nofp\libnosys.a
END GROUP
START GROUP
LOAD c:/st/stm32cubeide_1.7.0/stm32cubeide/plugins/com.st.stm32cube.ide.mcu.externaltools.gnu-tools-for-stm32.9-2020-q2-update.win32_2.0.0.202105311346/tools/bin/../lib/gcc/arm-none-eabi/9.3.1/thumb/v7e-m/nofp\libgcc.a
LOAD c:/st/stm32cubeide_1.7.0/stm32cubeide/plugins/com.st.stm32cube.ide.mcu.externaltools.gnu-tools-for-stm32.9-2020-q2-update.win32_2.0.0.202105311346/tools/bin/../lib/gcc/arm-none-eabi/9.3.1/../../../../arm-none-eabi/lib/thumb/v7e-m/nofp\libc_nano.a
LOAD c:/st/stm32cubeide_1.7.0/stm32cubeide/plugins/com.st.stm32cube.ide.mcu.externaltools.gnu-tools-for-stm32.9-2020-q2-update.win32_2.0.0.202105311346/tools/bin/../lib/gcc/arm-none-eabi/9.3.1/../../../../arm-none-eabi/lib/thumb/v7e-m/nofp\libnosys.a
END GROUP
LOAD c:/st/stm32cubeide_1.7.0/stm32cubeide/plugins/com.st.stm32cube.ide.mcu.externaltools.gnu-tools-for-stm32.9-2020-q2-update.win32_2.0.0.202105311346/tools/bin/../lib/gcc/arm-none-eabi/9.3.1/thumb/v7e-m/nofp/crtend.o
LOAD c:/st/stm32cubeide_1.7.0/stm32cubeide/plugins/com.st.stm32cube.ide.mcu.externaltools.gnu-tools-for-stm32.9-2020-q2-update.win32_2.0.0.202105311346/tools/bin/../lib/gcc/arm-none-eabi/9.3.1/thumb/v7e-m/nofp/crtn.o
                0x0000000020020000                _estack = (ORIGIN (RAM) + LENGTH (RAM))
                0x0000000000000200                _Min_Heap_Size = 0x200
                0x0000000000000400                _Min_Stack_Size = 0x400

.isr_vector     0x0000000008000000      0x1c4
                0x0000000008000000                . = ALIGN (0x4)
 *(.isr_vector)
 .isr_vector    0x0000000008000000      0x1c4 ./Startup/startup_stm32f446retx.o
                0x0000000008000000                g_pfnVectors
                0x00000000080001c4                . = ALIGN (0x4)

.text           0x00000000080001c4     0x21f4
                0x00000000080001c4                . = ALIGN (0x4)
 *(.text)
 .text          0x00000000080001c4       0x40 c:/st/stm32cubeide_1.7.0/stm32cubeide/plugins/com.st.stm32cube.ide.mcu.externaltools.gnu-tools-for-stm32.9-2020-q2-update.win32_2.0.0.202105311346/tools/bin/../lib/gcc/arm-none-eabi/9.3.1/thumb/v7e-m/nofp/crtbegin.o
 *(.text*)
 .text.main     0x0000000008000204       0x60 ./Src/RTC_LCD.o
                0x0000000008000204                main
 .text.systick_timer_init
                0x0000000008000264       0x68 ./Src/RTC_LCD.o
                0x0000000008000264                systick_timer_init
 .text.SysTick_Handler
                0x00000000080002cc       0x18 ./Src/RTC_LCD.o
                0x00000000080002cc                SysTick_Handler
 .text.RTC_Set_Time
                0x00000000080002e4       0x26 ./Src/RTC_LCD.o
                0x00000000080002e4                RTC_Set_Time
 .text.RTC_Set_Date
                0x000000000800030a       0x26 ./Src/RTC_LCD.o
                0x000000000800030a                RTC_Set_Date
 .text.RTC_Print_Date
                0x0000000008000330       0x4a ./Src/RTC_LCD.o
                0x0000000008000330                RTC_Print_Date
 *fill*         0x000000000800037a        0x2 
 .text.RTC_Print_Time
                0x000000000800037c       0x5c ./Src/RTC_LCD.o
                0x000000000800037c                RTC_Print_Time
 .text.get_day_of_week
                0x00000000080003d8       0x3c ./Src/RTC_LCD.o
                0x00000000080003d8                get_day_of_week
 .text.number_to_string
                0x0000000008000414       0x74 ./Src/RTC_LCD.o
                0x0000000008000414                number_to_string
 .text.time_to_string
                0x0000000008000488       0x54 ./Src/RTC_LCD.o
                0x0000000008000488                time_to_string
 .text.date_to_string
                0x00000000080004dc       0x54 ./Src/RTC_LCD.o
                0x00000000080004dc                date_to_string
 .text.delay_ms
                0x0000000008000530       0x30 ./Src/RTC_LCD.o
 .text.ITM_SendChar
                0x0000000008000560       0x4c ./Src/syscalls.o
                0x0000000008000560                ITM_SendChar
 .text._read    0x00000000080005ac       0x3a ./Src/syscalls.o
                0x00000000080005ac                _read
 .text._write   0x00000000080005e6       0x38 ./Src/syscalls.o
                0x00000000080005e6                _write
 .text._close   0x000000000800061e       0x16 ./Src/syscalls.o
                0x000000000800061e                _close
 .text._fstat   0x0000000008000634       0x1e ./Src/syscalls.o
                0x0000000008000634                _fstat
 .text._isatty  0x0000000008000652       0x14 ./Src/syscalls.o
                0x0000000008000652                _isatty
 .text._lseek   0x0000000008000666       0x18 ./Src/syscalls.o
                0x0000000008000666                _lseek
 *fill*         0x000000000800067e        0x2 
 .text._sbrk    0x0000000008000680       0x6c ./Src/sysmem.o
                0x0000000008000680                _sbrk
 .text.Reset_Handler
                0x00000000080006ec       0x50 ./Startup/startup_stm32f446retx.o
                0x00000000080006ec                Reset_Handler
 .text.Default_Handler
                0x000000000800073c        0x2 ./Startup/startup_stm32f446retx.o
                0x000000000800073c                RTC_Alarm_IRQHandler
                0x000000000800073c                EXTI2_IRQHandler
                0x000000000800073c                TIM8_CC_IRQHandler
                0x000000000800073c                SPDIF_Rx_IRQHandler
                0x000000000800073c                DebugMon_Handler
                0x000000000800073c                SPI4_IRQHandler
                0x000000000800073c                TIM1_CC_IRQHandler
                0x000000000800073c                QuadSPI_IRQHandler
                0x000000000800073c                DMA2_Stream5_IRQHandler
                0x000000000800073c                HardFault_Handler
                0x000000000800073c                DMA1_Stream5_IRQHandler
                0x000000000800073c                PVD_IRQHandler
                0x000000000800073c                SDIO_IRQHandler
                0x000000000800073c                TAMP_STAMP_IRQHandler
                0x000000000800073c                PendSV_Handler
                0x000000000800073c                NMI_Handler
                0x000000000800073c                CAN2_RX1_IRQHandler
                0x000000000800073c                EXTI3_IRQHandler
                0x000000000800073c                TIM8_TRG_COM_TIM14_IRQHandler
                0x000000000800073c                TIM1_UP_TIM10_IRQHandler
                0x000000000800073c                FMPI2C1_error_IRQHandler
                0x000000000800073c                TIM8_UP_TIM13_IRQHandler
                0x000000000800073c                I2C3_ER_IRQHandler
                0x000000000800073c                EXTI0_IRQHandler
                0x000000000800073c                I2C2_EV_IRQHandler
                0x000000000800073c                DMA1_Stream2_IRQHandler
                0x000000000800073c                CAN1_RX0_IRQHandler
                0x000000000800073c                FPU_IRQHandler
                0x000000000800073c                OTG_HS_WKUP_IRQHandler
                0x000000000800073c                UsageFault_Handler
                0x000000000800073c                CAN2_SCE_IRQHandler
                0x000000000800073c                DMA2_Stream2_IRQHandler
                0x000000000800073c                SPI1_IRQHandler
                0x000000000800073c                TIM6_DAC_IRQHandler
                0x000000000800073c                TIM1_BRK_TIM9_IRQHandler
                0x000000000800073c                DCMI_IRQHandler
                0x000000000800073c                CAN2_RX0_IRQHandler
                0x000000000800073c                DMA2_Stream3_IRQHandler
                0x000000000800073c                FMPI2C1_IRQHandler
                0x000000000800073c                SAI2_IRQHandler
                0x000000000800073c                USART6_IRQHandler
                0x000000000800073c                USART3_IRQHandler
                0x000000000800073c                CAN1_RX1_IRQHandler
                0x000000000800073c                UART5_IRQHandler
                0x000000000800073c                DMA2_Stream0_IRQHandler
                0x000000000800073c                TIM4_IRQHandler
                0x000000000800073c                I2C1_EV_IRQHandler
                0x000000000800073c                HDMI_CEC_IRQHandler
                0x000000000800073c                DMA1_Stream6_IRQHandler
                0x000000000800073c                DMA1_Stream1_IRQHandler
                0x000000000800073c                UART4_IRQHandler
                0x000000000800073c                TIM3_IRQHandler
                0x000000000800073c                RCC_IRQHandler
                0x000000000800073c                TIM8_BRK_TIM12_IRQHandler
                0x000000000800073c                Default_Handler
                0x000000000800073c                EXTI15_10_IRQHandler
                0x000000000800073c                ADC_IRQHandler
                0x000000000800073c                DMA1_Stream7_IRQHandler
                0x000000000800073c                TIM7_IRQHandler
                0x000000000800073c                CAN2_TX_IRQHandler
                0x000000000800073c                TIM5_IRQHandler
                0x000000000800073c                DMA2_Stream7_IRQHandler
                0x000000000800073c                I2C3_EV_IRQHandler
                0x000000000800073c                EXTI9_5_IRQHandler
                0x000000000800073c                RTC_WKUP_IRQHandler
                0x000000000800073c                SPI2_IRQHandler
                0x000000000800073c                OTG_HS_EP1_IN_IRQHandler
                0x000000000800073c                MemManage_Handler
                0x000000000800073c                DMA1_Stream0_IRQHandler
                0x000000000800073c                CAN1_TX_IRQHandler
                0x000000000800073c                SVC_Handler
                0x000000000800073c                EXTI4_IRQHandler
                0x000000000800073c                OTG_HS_EP1_OUT_IRQHandler
                0x000000000800073c                WWDG_IRQHandler
                0x000000000800073c                TIM2_IRQHandler
                0x000000000800073c                OTG_FS_WKUP_IRQHandler
                0x000000000800073c                TIM1_TRG_COM_TIM11_IRQHandler
                0x000000000800073c                OTG_HS_IRQHandler
                0x000000000800073c                EXTI1_IRQHandler
                0x000000000800073c                USART2_IRQHandler
                0x000000000800073c                I2C2_ER_IRQHandler
                0x000000000800073c                DMA2_Stream1_IRQHandler
                0x000000000800073c                CAN1_SCE_IRQHandler
                0x000000000800073c                FLASH_IRQHandler
                0x000000000800073c                DMA2_Stream4_IRQHandler
                0x000000000800073c                BusFault_Handler
                0x000000000800073c                USART1_IRQHandler
                0x000000000800073c                OTG_FS_IRQHandler
                0x000000000800073c                SPI3_IRQHandler
                0x000000000800073c                DMA1_Stream4_IRQHandler
                0x000000000800073c                I2C1_ER_IRQHandler
                0x000000000800073c                FMC_IRQHandler
                0x000000000800073c                DMA2_Stream6_IRQHandler
                0x000000000800073c                SAI1_IRQHandler
                0x000000000800073c                DMA1_Stream3_IRQHandler
 *fill*         0x000000000800073e        0x2 
 .text.RTC_DS1307_Init
                0x0000000008000740       0x3c ./bsp/ds1307.o
                0x0000000008000740                RTC_DS1307_Init
 .text.RTC_DS1307_Set_Current_Time
                0x000000000800077c       0x94 ./bsp/ds1307.o
                0x000000000800077c                RTC_DS1307_Set_Current_Time
 .text.RTC_DS1307_Get_Current_Time
                0x0000000008000810       0xb0 ./bsp/ds1307.o
                0x0000000008000810                RTC_DS1307_Get_Current_Time
 .text.RTC_DS1307_Set_Current_Date
                0x00000000080008c0       0x70 ./bsp/ds1307.o
                0x00000000080008c0                RTC_DS1307_Set_Current_Date
 .text.RTC_DS1307_Get_Current_Date
                0x0000000008000930       0x78 ./bsp/ds1307.o
                0x0000000008000930                RTC_DS1307_Get_Current_Date
 .text.RTC_DS1307_I2C_Pin_Config
                0x00000000080009a8       0x74 ./bsp/ds1307.o
 .text.RTC_DS1307_I2C_Config
                0x0000000008000a1c       0x2c ./bsp/ds1307.o
 .text.RTC_DS1307_Write
                0x0000000008000a48       0x38 ./bsp/ds1307.o
 .text.RTC_DS1307_Read
                0x0000000008000a80       0x3c ./bsp/ds1307.o
 .text.Binary_to_BCD
                0x0000000008000abc       0x58 ./bsp/ds1307.o
 .text.BCD_to_Binary
                0x0000000008000b14       0x36 ./bsp/ds1307.o
 *fill*         0x0000000008000b4a        0x2 
 .text.LCD_Init
                0x0000000008000b4c       0x64 ./bsp/lcd.o
                0x0000000008000b4c                LCD_Init
 .text.LCD_GPIO_Pin_Config
                0x0000000008000bb0       0xc0 ./bsp/lcd.o
                0x0000000008000bb0                LCD_GPIO_Pin_Config
 .text.LCD_Write_4bits
                0x0000000008000c70       0x70 ./bsp/lcd.o
 .text.LCD_Send_Command
                0x0000000008000ce0       0x44 ./bsp/lcd.o
                0x0000000008000ce0                LCD_Send_Command
 .text.LCD_Send_Data
                0x0000000008000d24       0x44 ./bsp/lcd.o
                0x0000000008000d24                LCD_Send_Data
 .text.LCD_Send_String
                0x0000000008000d68       0x2a ./bsp/lcd.o
                0x0000000008000d68                LCD_Send_String
 *fill*         0x0000000008000d92        0x2 
 .text.LCD_Enable
                0x0000000008000d94       0x2c ./bsp/lcd.o
 .text.LCD_Display_Clear
                0x0000000008000dc0       0x14 ./bsp/lcd.o
                0x0000000008000dc0                LCD_Display_Clear
 .text.LCD_Display_Resturn_Home
                0x0000000008000dd4       0x14 ./bsp/lcd.o
                0x0000000008000dd4                LCD_Display_Resturn_Home
 .text.LCD_Set_Cursor
                0x0000000008000de8       0x46 ./bsp/lcd.o
                0x0000000008000de8                LCD_Set_Cursor
 .text.delay_ms
                0x0000000008000e2e       0x30 ./bsp/lcd.o
 .text.delay_us
                0x0000000008000e5e       0x28 ./bsp/lcd.o
 *fill*         0x0000000008000e86        0x2 
 .text.GPIO_PeriClockControl
                0x0000000008000e88      0x1a0 ./driver/Src/stm32f446xx_gpio_driver.o
                0x0000000008000e88                GPIO_PeriClockControl
 .text.GPIO_Init
                0x0000000008001028      0x2a4 ./driver/Src/stm32f446xx_gpio_driver.o
                0x0000000008001028                GPIO_Init
 .text.GPIO_WriteToOutputPin
                0x00000000080012cc       0x48 ./driver/Src/stm32f446xx_gpio_driver.o
                0x00000000080012cc                GPIO_WriteToOutputPin
 .text.GPIO_PortCode
                0x0000000008001314       0x94 ./driver/Src/stm32f446xx_gpio_driver.o
                0x0000000008001314                GPIO_PortCode
 .text.I2C_GenerateStartCondition
                0x00000000080013a8       0x1e ./driver/Src/stm32f446xx_i2c_driver.o
 .text.I2C_ExecuteAddressPhaseWrite
                0x00000000080013c6       0x2a ./driver/Src/stm32f446xx_i2c_driver.o
 .text.I2C_ExecuteAddressPhaseRead
                0x00000000080013f0       0x2a ./driver/Src/stm32f446xx_i2c_driver.o
 .text.I2C_ClearADDRFlag
                0x000000000800141a       0x5c ./driver/Src/stm32f446xx_i2c_driver.o
 .text.I2C_GenerateStopCondition
                0x0000000008001476       0x1e ./driver/Src/stm32f446xx_i2c_driver.o
                0x0000000008001476                I2C_GenerateStopCondition
 .text.I2C_PeriClockControl
                0x0000000008001494       0xb0 ./driver/Src/stm32f446xx_i2c_driver.o
                0x0000000008001494                I2C_PeriClockControl
 .text.I2C_Init
                0x0000000008001544      0x120 ./driver/Src/stm32f446xx_i2c_driver.o
                0x0000000008001544                I2C_Init
 .text.I2C_PeripheralControl
                0x0000000008001664       0x36 ./driver/Src/stm32f446xx_i2c_driver.o
                0x0000000008001664                I2C_PeripheralControl
 .text.I2C_ACKControl
                0x000000000800169a       0x36 ./driver/Src/stm32f446xx_i2c_driver.o
                0x000000000800169a                I2C_ACKControl
 .text.I2C_GetFlagStatus
                0x00000000080016d0       0x26 ./driver/Src/stm32f446xx_i2c_driver.o
                0x00000000080016d0                I2C_GetFlagStatus
 .text.I2C_MasterSendData
                0x00000000080016f6       0xce ./driver/Src/stm32f446xx_i2c_driver.o
                0x00000000080016f6                I2C_MasterSendData
 .text.I2C_MasterReceiveData
                0x00000000080017c4      0x124 ./driver/Src/stm32f446xx_i2c_driver.o
                0x00000000080017c4                I2C_MasterReceiveData
 .text.RCC_GetPCLK1Value
                0x00000000080018e8       0xb4 ./driver/Src/stm32f446xx_rcc_driver.o
                0x00000000080018e8                RCC_GetPCLK1Value
 .text.RCC_GetPLLOutputClock
                0x000000000800199c       0x16 ./driver/Src/stm32f446xx_rcc_driver.o
                0x000000000800199c                RCC_GetPLLOutputClock
 *fill*         0x00000000080019b2        0x2 
 .text.__errno  0x00000000080019b4        0xc c:/st/stm32cubeide_1.7.0/stm32cubeide/plugins/com.st.stm32cube.ide.mcu.externaltools.gnu-tools-for-stm32.9-2020-q2-update.win32_2.0.0.202105311346/tools/bin/../lib/gcc/arm-none-eabi/9.3.1/../../../../arm-none-eabi/lib/thumb/v7e-m/nofp\libc_nano.a(lib_a-errno.o)
                0x00000000080019b4                __errno
 .text.__libc_init_array
                0x00000000080019c0       0x48 c:/st/stm32cubeide_1.7.0/stm32cubeide/plugins/com.st.stm32cube.ide.mcu.externaltools.gnu-tools-for-stm32.9-2020-q2-update.win32_2.0.0.202105311346/tools/bin/../lib/gcc/arm-none-eabi/9.3.1/../../../../arm-none-eabi/lib/thumb/v7e-m/nofp\libc_nano.a(lib_a-init.o)
                0x00000000080019c0                __libc_init_array
 .text.memset   0x0000000008001a08       0x10 c:/st/stm32cubeide_1.7.0/stm32cubeide/plugins/com.st.stm32cube.ide.mcu.externaltools.gnu-tools-for-stm32.9-2020-q2-update.win32_2.0.0.202105311346/tools/bin/../lib/gcc/arm-none-eabi/9.3.1/../../../../arm-none-eabi/lib/thumb/v7e-m/nofp\libc_nano.a(lib_a-memset.o)
                0x0000000008001a08                memset
 .text._puts_r  0x0000000008001a18       0xdc c:/st/stm32cubeide_1.7.0/stm32cubeide/plugins/com.st.stm32cube.ide.mcu.externaltools.gnu-tools-for-stm32.9-2020-q2-update.win32_2.0.0.202105311346/tools/bin/../lib/gcc/arm-none-eabi/9.3.1/../../../../arm-none-eabi/lib/thumb/v7e-m/nofp\libc_nano.a(lib_a-puts.o)
                0x0000000008001a18                _puts_r
 .text.puts     0x0000000008001af4       0x10 c:/st/stm32cubeide_1.7.0/stm32cubeide/plugins/com.st.stm32cube.ide.mcu.externaltools.gnu-tools-for-stm32.9-2020-q2-update.win32_2.0.0.202105311346/tools/bin/../lib/gcc/arm-none-eabi/9.3.1/../../../../arm-none-eabi/lib/thumb/v7e-m/nofp\libc_nano.a(lib_a-puts.o)
                0x0000000008001af4                puts
 .text.__swbuf_r
                0x0000000008001b04       0xa4 c:/st/stm32cubeide_1.7.0/stm32cubeide/plugins/com.st.stm32cube.ide.mcu.externaltools.gnu-tools-for-stm32.9-2020-q2-update.win32_2.0.0.202105311346/tools/bin/../lib/gcc/arm-none-eabi/9.3.1/../../../../arm-none-eabi/lib/thumb/v7e-m/nofp\libc_nano.a(lib_a-wbuf.o)
                0x0000000008001b04                __swbuf_r
 .text.__swsetup_r
                0x0000000008001ba8       0xdc c:/st/stm32cubeide_1.7.0/stm32cubeide/plugins/com.st.stm32cube.ide.mcu.externaltools.gnu-tools-for-stm32.9-2020-q2-update.win32_2.0.0.202105311346/tools/bin/../lib/gcc/arm-none-eabi/9.3.1/../../../../arm-none-eabi/lib/thumb/v7e-m/nofp\libc_nano.a(lib_a-wsetup.o)
                0x0000000008001ba8                __swsetup_r
 .text.__sflush_r
                0x0000000008001c84      0x10c c:/st/stm32cubeide_1.7.0/stm32cubeide/plugins/com.st.stm32cube.ide.mcu.externaltools.gnu-tools-for-stm32.9-2020-q2-update.win32_2.0.0.202105311346/tools/bin/../lib/gcc/arm-none-eabi/9.3.1/../../../../arm-none-eabi/lib/thumb/v7e-m/nofp\libc_nano.a(lib_a-fflush.o)
                0x0000000008001c84                __sflush_r
 .text._fflush_r
                0x0000000008001d90       0x78 c:/st/stm32cubeide_1.7.0/stm32cubeide/plugins/com.st.stm32cube.ide.mcu.externaltools.gnu-tools-for-stm32.9-2020-q2-update.win32_2.0.0.202105311346/tools/bin/../lib/gcc/arm-none-eabi/9.3.1/../../../../arm-none-eabi/lib/thumb/v7e-m/nofp\libc_nano.a(lib_a-fflush.o)
                0x0000000008001d90                _fflush_r
 .text.std      0x0000000008001e08       0x48 c:/st/stm32cubeide_1.7.0/stm32cubeide/plugins/com.st.stm32cube.ide.mcu.externaltools.gnu-tools-for-stm32.9-2020-q2-update.win32_2.0.0.202105311346/tools/bin/../lib/gcc/arm-none-eabi/9.3.1/../../../../arm-none-eabi/lib/thumb/v7e-m/nofp\libc_nano.a(lib_a-findfp.o)
 .text._cleanup_r
                0x0000000008001e50        0xc c:/st/stm32cubeide_1.7.0/stm32cubeide/plugins/com.st.stm32cube.ide.mcu.externaltools.gnu-tools-for-stm32.9-2020-q2-update.win32_2.0.0.202105311346/tools/bin/../lib/gcc/arm-none-eabi/9.3.1/../../../../arm-none-eabi/lib/thumb/v7e-m/nofp\libc_nano.a(lib_a-findfp.o)
                0x0000000008001e50                _cleanup_r
 .text.__sfmoreglue
                0x0000000008001e5c       0x2c c:/st/stm32cubeide_1.7.0/stm32cubeide/plugins/com.st.stm32cube.ide.mcu.externaltools.gnu-tools-for-stm32.9-2020-q2-update.win32_2.0.0.202105311346/tools/bin/../lib/gcc/arm-none-eabi/9.3.1/../../../../arm-none-eabi/lib/thumb/v7e-m/nofp\libc_nano.a(lib_a-findfp.o)
                0x0000000008001e5c                __sfmoreglue
 .text.__sfp_lock_acquire
                0x0000000008001e88        0xc c:/st/stm32cubeide_1.7.0/stm32cubeide/plugins/com.st.stm32cube.ide.mcu.externaltools.gnu-tools-for-stm32.9-2020-q2-update.win32_2.0.0.202105311346/tools/bin/../lib/gcc/arm-none-eabi/9.3.1/../../../../arm-none-eabi/lib/thumb/v7e-m/nofp\libc_nano.a(lib_a-findfp.o)
                0x0000000008001e88                __sfp_lock_acquire
 .text.__sfp_lock_release
                0x0000000008001e94        0xc c:/st/stm32cubeide_1.7.0/stm32cubeide/plugins/com.st.stm32cube.ide.mcu.externaltools.gnu-tools-for-stm32.9-2020-q2-update.win32_2.0.0.202105311346/tools/bin/../lib/gcc/arm-none-eabi/9.3.1/../../../../arm-none-eabi/lib/thumb/v7e-m/nofp\libc_nano.a(lib_a-findfp.o)
                0x0000000008001e94                __sfp_lock_release
 .text.__sinit_lock_acquire
                0x0000000008001ea0        0xc c:/st/stm32cubeide_1.7.0/stm32cubeide/plugins/com.st.stm32cube.ide.mcu.externaltools.gnu-tools-for-stm32.9-2020-q2-update.win32_2.0.0.202105311346/tools/bin/../lib/gcc/arm-none-eabi/9.3.1/../../../../arm-none-eabi/lib/thumb/v7e-m/nofp\libc_nano.a(lib_a-findfp.o)
                0x0000000008001ea0                __sinit_lock_acquire
 .text.__sinit_lock_release
                0x0000000008001eac        0xc c:/st/stm32cubeide_1.7.0/stm32cubeide/plugins/com.st.stm32cube.ide.mcu.externaltools.gnu-tools-for-stm32.9-2020-q2-update.win32_2.0.0.202105311346/tools/bin/../lib/gcc/arm-none-eabi/9.3.1/../../../../arm-none-eabi/lib/thumb/v7e-m/nofp\libc_nano.a(lib_a-findfp.o)
                0x0000000008001eac                __sinit_lock_release
 .text.__sinit  0x0000000008001eb8       0x70 c:/st/stm32cubeide_1.7.0/stm32cubeide/plugins/com.st.stm32cube.ide.mcu.externaltools.gnu-tools-for-stm32.9-2020-q2-update.win32_2.0.0.202105311346/tools/bin/../lib/gcc/arm-none-eabi/9.3.1/../../../../arm-none-eabi/lib/thumb/v7e-m/nofp\libc_nano.a(lib_a-findfp.o)
                0x0000000008001eb8                __sinit
 .text.__sfp    0x0000000008001f28       0x8c c:/st/stm32cubeide_1.7.0/stm32cubeide/plugins/com.st.stm32cube.ide.mcu.externaltools.gnu-tools-for-stm32.9-2020-q2-update.win32_2.0.0.202105311346/tools/bin/../lib/gcc/arm-none-eabi/9.3.1/../../../../arm-none-eabi/lib/thumb/v7e-m/nofp\libc_nano.a(lib_a-findfp.o)
                0x0000000008001f28                __sfp
 .text._fwalk_reent
                0x0000000008001fb4       0x3e c:/st/stm32cubeide_1.7.0/stm32cubeide/plugins/com.st.stm32cube.ide.mcu.externaltools.gnu-tools-for-stm32.9-2020-q2-update.win32_2.0.0.202105311346/tools/bin/../lib/gcc/arm-none-eabi/9.3.1/../../../../arm-none-eabi/lib/thumb/v7e-m/nofp\libc_nano.a(lib_a-fwalk.o)
                0x0000000008001fb4                _fwalk_reent
 .text.__retarget_lock_init_recursive
                0x0000000008001ff2        0x2 c:/st/stm32cubeide_1.7.0/stm32cubeide/plugins/com.st.stm32cube.ide.mcu.externaltools.gnu-tools-for-stm32.9-2020-q2-update.win32_2.0.0.202105311346/tools/bin/../lib/gcc/arm-none-eabi/9.3.1/../../../../arm-none-eabi/lib/thumb/v7e-m/nofp\libc_nano.a(lib_a-lock.o)
                0x0000000008001ff2                __retarget_lock_init_recursive
 .text.__retarget_lock_acquire_recursive
                0x0000000008001ff4        0x2 c:/st/stm32cubeide_1.7.0/stm32cubeide/plugins/com.st.stm32cube.ide.mcu.externaltools.gnu-tools-for-stm32.9-2020-q2-update.win32_2.0.0.202105311346/tools/bin/../lib/gcc/arm-none-eabi/9.3.1/../../../../arm-none-eabi/lib/thumb/v7e-m/nofp\libc_nano.a(lib_a-lock.o)
                0x0000000008001ff4                __retarget_lock_acquire_recursive
 .text.__retarget_lock_release_recursive
                0x0000000008001ff6        0x2 c:/st/stm32cubeide_1.7.0/stm32cubeide/plugins/com.st.stm32cube.ide.mcu.externaltools.gnu-tools-for-stm32.9-2020-q2-update.win32_2.0.0.202105311346/tools/bin/../lib/gcc/arm-none-eabi/9.3.1/../../../../arm-none-eabi/lib/thumb/v7e-m/nofp\libc_nano.a(lib_a-lock.o)
                0x0000000008001ff6                __retarget_lock_release_recursive
 .text.__swhatbuf_r
                0x0000000008001ff8       0x48 c:/st/stm32cubeide_1.7.0/stm32cubeide/plugins/com.st.stm32cube.ide.mcu.externaltools.gnu-tools-for-stm32.9-2020-q2-update.win32_2.0.0.202105311346/tools/bin/../lib/gcc/arm-none-eabi/9.3.1/../../../../arm-none-eabi/lib/thumb/v7e-m/nofp\libc_nano.a(lib_a-makebuf.o)
                0x0000000008001ff8                __swhatbuf_r
 .text.__smakebuf_r
                0x0000000008002040       0x80 c:/st/stm32cubeide_1.7.0/stm32cubeide/plugins/com.st.stm32cube.ide.mcu.externaltools.gnu-tools-for-stm32.9-2020-q2-update.win32_2.0.0.202105311346/tools/bin/../lib/gcc/arm-none-eabi/9.3.1/../../../../arm-none-eabi/lib/thumb/v7e-m/nofp\libc_nano.a(lib_a-makebuf.o)
                0x0000000008002040                __smakebuf_r
 .text._free_r  0x00000000080020c0       0x9c c:/st/stm32cubeide_1.7.0/stm32cubeide/plugins/com.st.stm32cube.ide.mcu.externaltools.gnu-tools-for-stm32.9-2020-q2-update.win32_2.0.0.202105311346/tools/bin/../lib/gcc/arm-none-eabi/9.3.1/../../../../arm-none-eabi/lib/thumb/v7e-m/nofp\libc_nano.a(lib_a-nano-freer.o)
                0x00000000080020c0                _free_r
 .text._malloc_r
                0x000000000800215c       0xb4 c:/st/stm32cubeide_1.7.0/stm32cubeide/plugins/com.st.stm32cube.ide.mcu.externaltools.gnu-tools-for-stm32.9-2020-q2-update.win32_2.0.0.202105311346/tools/bin/../lib/gcc/arm-none-eabi/9.3.1/../../../../arm-none-eabi/lib/thumb/v7e-m/nofp\libc_nano.a(lib_a-nano-mallocr.o)
                0x000000000800215c                _malloc_r
 .text._sbrk_r  0x0000000008002210       0x20 c:/st/stm32cubeide_1.7.0/stm32cubeide/plugins/com.st.stm32cube.ide.mcu.externaltools.gnu-tools-for-stm32.9-2020-q2-update.win32_2.0.0.202105311346/tools/bin/../lib/gcc/arm-none-eabi/9.3.1/../../../../arm-none-eabi/lib/thumb/v7e-m/nofp\libc_nano.a(lib_a-sbrkr.o)
                0x0000000008002210                _sbrk_r
 .text.__sread  0x0000000008002230       0x22 c:/st/stm32cubeide_1.7.0/stm32cubeide/plugins/com.st.stm32cube.ide.mcu.externaltools.gnu-tools-for-stm32.9-2020-q2-update.win32_2.0.0.202105311346/tools/bin/../lib/gcc/arm-none-eabi/9.3.1/../../../../arm-none-eabi/lib/thumb/v7e-m/nofp\libc_nano.a(lib_a-stdio.o)
                0x0000000008002230                __sread
 .text.__swrite
                0x0000000008002252       0x38 c:/st/stm32cubeide_1.7.0/stm32cubeide/plugins/com.st.stm32cube.ide.mcu.externaltools.gnu-tools-for-stm32.9-2020-q2-update.win32_2.0.0.202105311346/tools/bin/../lib/gcc/arm-none-eabi/9.3.1/../../../../arm-none-eabi/lib/thumb/v7e-m/nofp\libc_nano.a(lib_a-stdio.o)
                0x0000000008002252                __swrite
 .text.__sseek  0x000000000800228a       0x24 c:/st/stm32cubeide_1.7.0/stm32cubeide/plugins/com.st.stm32cube.ide.mcu.externaltools.gnu-tools-for-stm32.9-2020-q2-update.win32_2.0.0.202105311346/tools/bin/../lib/gcc/arm-none-eabi/9.3.1/../../../../arm-none-eabi/lib/thumb/v7e-m/nofp\libc_nano.a(lib_a-stdio.o)
                0x000000000800228a                __sseek
 .text.__sclose
                0x00000000080022ae        0x8 c:/st/stm32cubeide_1.7.0/stm32cubeide/plugins/com.st.stm32cube.ide.mcu.externaltools.gnu-tools-for-stm32.9-2020-q2-update.win32_2.0.0.202105311346/tools/bin/../lib/gcc/arm-none-eabi/9.3.1/../../../../arm-none-eabi/lib/thumb/v7e-m/nofp\libc_nano.a(lib_a-stdio.o)
                0x00000000080022ae                __sclose
 *fill*         0x00000000080022b6        0x2 
 .text._write_r
                0x00000000080022b8       0x24 c:/st/stm32cubeide_1.7.0/stm32cubeide/plugins/com.st.stm32cube.ide.mcu.externaltools.gnu-tools-for-stm32.9-2020-q2-update.win32_2.0.0.202105311346/tools/bin/../lib/gcc/arm-none-eabi/9.3.1/../../../../arm-none-eabi/lib/thumb/v7e-m/nofp\libc_nano.a(lib_a-writer.o)
                0x00000000080022b8                _write_r
 .text._close_r
                0x00000000080022dc       0x20 c:/st/stm32cubeide_1.7.0/stm32cubeide/plugins/com.st.stm32cube.ide.mcu.externaltools.gnu-tools-for-stm32.9-2020-q2-update.win32_2.0.0.202105311346/tools/bin/../lib/gcc/arm-none-eabi/9.3.1/../../../../arm-none-eabi/lib/thumb/v7e-m/nofp\libc_nano.a(lib_a-closer.o)
                0x00000000080022dc                _close_r
 .text._fstat_r
                0x00000000080022fc       0x24 c:/st/stm32cubeide_1.7.0/stm32cubeide/plugins/com.st.stm32cube.ide.mcu.externaltools.gnu-tools-for-stm32.9-2020-q2-update.win32_2.0.0.202105311346/tools/bin/../lib/gcc/arm-none-eabi/9.3.1/../../../../arm-none-eabi/lib/thumb/v7e-m/nofp\libc_nano.a(lib_a-fstatr.o)
                0x00000000080022fc                _fstat_r
 .text._isatty_r
                0x0000000008002320       0x20 c:/st/stm32cubeide_1.7.0/stm32cubeide/plugins/com.st.stm32cube.ide.mcu.externaltools.gnu-tools-for-stm32.9-2020-q2-update.win32_2.0.0.202105311346/tools/bin/../lib/gcc/arm-none-eabi/9.3.1/../../../../arm-none-eabi/lib/thumb/v7e-m/nofp\libc_nano.a(lib_a-isattyr.o)
                0x0000000008002320                _isatty_r
 .text._lseek_r
                0x0000000008002340       0x24 c:/st/stm32cubeide_1.7.0/stm32cubeide/plugins/com.st.stm32cube.ide.mcu.externaltools.gnu-tools-for-stm32.9-2020-q2-update.win32_2.0.0.202105311346/tools/bin/../lib/gcc/arm-none-eabi/9.3.1/../../../../arm-none-eabi/lib/thumb/v7e-m/nofp\libc_nano.a(lib_a-lseekr.o)
                0x0000000008002340                _lseek_r
 .text.__malloc_lock
                0x0000000008002364        0xc c:/st/stm32cubeide_1.7.0/stm32cubeide/plugins/com.st.stm32cube.ide.mcu.externaltools.gnu-tools-for-stm32.9-2020-q2-update.win32_2.0.0.202105311346/tools/bin/../lib/gcc/arm-none-eabi/9.3.1/../../../../arm-none-eabi/lib/thumb/v7e-m/nofp\libc_nano.a(lib_a-mlock.o)
                0x0000000008002364                __malloc_lock
 .text.__malloc_unlock
                0x0000000008002370        0xc c:/st/stm32cubeide_1.7.0/stm32cubeide/plugins/com.st.stm32cube.ide.mcu.externaltools.gnu-tools-for-stm32.9-2020-q2-update.win32_2.0.0.202105311346/tools/bin/../lib/gcc/arm-none-eabi/9.3.1/../../../../arm-none-eabi/lib/thumb/v7e-m/nofp\libc_nano.a(lib_a-mlock.o)
                0x0000000008002370                __malloc_unlock
 .text._read_r  0x000000000800237c       0x24 c:/st/stm32cubeide_1.7.0/stm32cubeide/plugins/com.st.stm32cube.ide.mcu.externaltools.gnu-tools-for-stm32.9-2020-q2-update.win32_2.0.0.202105311346/tools/bin/../lib/gcc/arm-none-eabi/9.3.1/../../../../arm-none-eabi/lib/thumb/v7e-m/nofp\libc_nano.a(lib_a-readr.o)
                0x000000000800237c                _read_r
 *(.glue_7)
 .glue_7        0x00000000080023a0        0x0 linker stubs
 *(.glue_7t)
 .glue_7t       0x00000000080023a0        0x0 linker stubs
 *(.eh_frame)
 .eh_frame      0x00000000080023a0        0x0 c:/st/stm32cubeide_1.7.0/stm32cubeide/plugins/com.st.stm32cube.ide.mcu.externaltools.gnu-tools-for-stm32.9-2020-q2-update.win32_2.0.0.202105311346/tools/bin/../lib/gcc/arm-none-eabi/9.3.1/thumb/v7e-m/nofp/crtbegin.o
 *(.init)
 .init          0x00000000080023a0        0x4 c:/st/stm32cubeide_1.7.0/stm32cubeide/plugins/com.st.stm32cube.ide.mcu.externaltools.gnu-tools-for-stm32.9-2020-q2-update.win32_2.0.0.202105311346/tools/bin/../lib/gcc/arm-none-eabi/9.3.1/thumb/v7e-m/nofp/crti.o
                0x00000000080023a0                _init
 .init          0x00000000080023a4        0x8 c:/st/stm32cubeide_1.7.0/stm32cubeide/plugins/com.st.stm32cube.ide.mcu.externaltools.gnu-tools-for-stm32.9-2020-q2-update.win32_2.0.0.202105311346/tools/bin/../lib/gcc/arm-none-eabi/9.3.1/thumb/v7e-m/nofp/crtn.o
 *(.fini)
 .fini          0x00000000080023ac        0x4 c:/st/stm32cubeide_1.7.0/stm32cubeide/plugins/com.st.stm32cube.ide.mcu.externaltools.gnu-tools-for-stm32.9-2020-q2-update.win32_2.0.0.202105311346/tools/bin/../lib/gcc/arm-none-eabi/9.3.1/thumb/v7e-m/nofp/crti.o
                0x00000000080023ac                _fini
 .fini          0x00000000080023b0        0x8 c:/st/stm32cubeide_1.7.0/stm32cubeide/plugins/com.st.stm32cube.ide.mcu.externaltools.gnu-tools-for-stm32.9-2020-q2-update.win32_2.0.0.202105311346/tools/bin/../lib/gcc/arm-none-eabi/9.3.1/thumb/v7e-m/nofp/crtn.o
                0x00000000080023b8                . = ALIGN (0x4)
                0x00000000080023b8                _etext = .

.vfp11_veneer   0x00000000080023b8        0x0
 .vfp11_veneer  0x00000000080023b8        0x0 linker stubs

.v4_bx          0x00000000080023b8        0x0
 .v4_bx         0x00000000080023b8        0x0 linker stubs

.iplt           0x00000000080023b8        0x0
 .iplt          0x00000000080023b8        0x0 c:/st/stm32cubeide_1.7.0/stm32cubeide/plugins/com.st.stm32cube.ide.mcu.externaltools.gnu-tools-for-stm32.9-2020-q2-update.win32_2.0.0.202105311346/tools/bin/../lib/gcc/arm-none-eabi/9.3.1/thumb/v7e-m/nofp/crtbegin.o

.rodata         0x00000000080023b8       0xd0
                0x00000000080023b8                . = ALIGN (0x4)
 *(.rodata)
 .rodata        0x00000000080023b8       0x6c ./Src/RTC_LCD.o
 *(.rodata*)
 .rodata._global_impure_ptr
                0x0000000008002424        0x4 c:/st/stm32cubeide_1.7.0/stm32cubeide/plugins/com.st.stm32cube.ide.mcu.externaltools.gnu-tools-for-stm32.9-2020-q2-update.win32_2.0.0.202105311346/tools/bin/../lib/gcc/arm-none-eabi/9.3.1/../../../../arm-none-eabi/lib/thumb/v7e-m/nofp\libc_nano.a(lib_a-impure.o)
                0x0000000008002424                _global_impure_ptr
 .rodata.__sf_fake_stderr
                0x0000000008002428       0x20 c:/st/stm32cubeide_1.7.0/stm32cubeide/plugins/com.st.stm32cube.ide.mcu.externaltools.gnu-tools-for-stm32.9-2020-q2-update.win32_2.0.0.202105311346/tools/bin/../lib/gcc/arm-none-eabi/9.3.1/../../../../arm-none-eabi/lib/thumb/v7e-m/nofp\libc_nano.a(lib_a-findfp.o)
                0x0000000008002428                __sf_fake_stderr
 .rodata.__sf_fake_stdin
                0x0000000008002448       0x20 c:/st/stm32cubeide_1.7.0/stm32cubeide/plugins/com.st.stm32cube.ide.mcu.externaltools.gnu-tools-for-stm32.9-2020-q2-update.win32_2.0.0.202105311346/tools/bin/../lib/gcc/arm-none-eabi/9.3.1/../../../../arm-none-eabi/lib/thumb/v7e-m/nofp\libc_nano.a(lib_a-findfp.o)
                0x0000000008002448                __sf_fake_stdin
 .rodata.__sf_fake_stdout
                0x0000000008002468       0x20 c:/st/stm32cubeide_1.7.0/stm32cubeide/plugins/com.st.stm32cube.ide.mcu.externaltools.gnu-tools-for-stm32.9-2020-q2-update.win32_2.0.0.202105311346/tools/bin/../lib/gcc/arm-none-eabi/9.3.1/../../../../arm-none-eabi/lib/thumb/v7e-m/nofp\libc_nano.a(lib_a-findfp.o)
                0x0000000008002468                __sf_fake_stdout
                0x0000000008002488                . = ALIGN (0x4)

.rel.dyn        0x0000000008002488        0x0
 .rel.iplt      0x0000000008002488        0x0 c:/st/stm32cubeide_1.7.0/stm32cubeide/plugins/com.st.stm32cube.ide.mcu.externaltools.gnu-tools-for-stm32.9-2020-q2-update.win32_2.0.0.202105311346/tools/bin/../lib/gcc/arm-none-eabi/9.3.1/thumb/v7e-m/nofp/crtbegin.o

.ARM.extab      0x0000000008002488        0x0
                0x0000000008002488                . = ALIGN (0x4)
 *(.ARM.extab* .gnu.linkonce.armextab.*)
                0x0000000008002488                . = ALIGN (0x4)

.ARM            0x0000000008002488        0x0
                0x0000000008002488                . = ALIGN (0x4)
                0x0000000008002488                __exidx_start = .
 *(.ARM.exidx*)
                0x0000000008002488                __exidx_end = .
                0x0000000008002488                . = ALIGN (0x4)

.preinit_array  0x0000000008002488        0x0
                0x0000000008002488                . = ALIGN (0x4)
                0x0000000008002488                PROVIDE (__preinit_array_start = .)
 *(.preinit_array*)
                0x0000000008002488                PROVIDE (__preinit_array_end = .)
                0x0000000008002488                . = ALIGN (0x4)

.init_array     0x0000000008002488        0x4
                0x0000000008002488                . = ALIGN (0x4)
                0x0000000008002488                PROVIDE (__init_array_start = .)
 *(SORT_BY_NAME(.init_array.*))
 *(.init_array*)
 .init_array    0x0000000008002488        0x4 c:/st/stm32cubeide_1.7.0/stm32cubeide/plugins/com.st.stm32cube.ide.mcu.externaltools.gnu-tools-for-stm32.9-2020-q2-update.win32_2.0.0.202105311346/tools/bin/../lib/gcc/arm-none-eabi/9.3.1/thumb/v7e-m/nofp/crtbegin.o
                0x000000000800248c                PROVIDE (__init_array_end = .)
                0x000000000800248c                . = ALIGN (0x4)

.fini_array     0x000000000800248c        0x4
                0x000000000800248c                . = ALIGN (0x4)
                [!provide]                        PROVIDE (__fini_array_start = .)
 *(SORT_BY_NAME(.fini_array.*))
 *(.fini_array*)
 .fini_array    0x000000000800248c        0x4 c:/st/stm32cubeide_1.7.0/stm32cubeide/plugins/com.st.stm32cube.ide.mcu.externaltools.gnu-tools-for-stm32.9-2020-q2-update.win32_2.0.0.202105311346/tools/bin/../lib/gcc/arm-none-eabi/9.3.1/thumb/v7e-m/nofp/crtbegin.o
                [!provide]                        PROVIDE (__fini_array_end = .)
                0x0000000008002490                . = ALIGN (0x4)
                0x0000000008002490                _sidata = LOADADDR (.data)

.data           0x0000000020000000       0x80 load address 0x0000000008002490
                0x0000000020000000                . = ALIGN (0x4)
                0x0000000020000000                _sdata = .
 *(.data)
 *(.data*)
 .data.AHB_PreScalar
                0x0000000020000000       0x12 ./driver/Src/stm32f446xx_rcc_driver.o
                0x0000000020000000                AHB_PreScalar
 *fill*         0x0000000020000012        0x2 
 .data.APB1_PreScalar
                0x0000000020000014        0x8 ./driver/Src/stm32f446xx_rcc_driver.o
                0x0000000020000014                APB1_PreScalar
 .data._impure_ptr
                0x000000002000001c        0x4 c:/st/stm32cubeide_1.7.0/stm32cubeide/plugins/com.st.stm32cube.ide.mcu.externaltools.gnu-tools-for-stm32.9-2020-q2-update.win32_2.0.0.202105311346/tools/bin/../lib/gcc/arm-none-eabi/9.3.1/../../../../arm-none-eabi/lib/thumb/v7e-m/nofp\libc_nano.a(lib_a-impure.o)
                0x000000002000001c                _impure_ptr
 .data.impure_data
                0x0000000020000020       0x60 c:/st/stm32cubeide_1.7.0/stm32cubeide/plugins/com.st.stm32cube.ide.mcu.externaltools.gnu-tools-for-stm32.9-2020-q2-update.win32_2.0.0.202105311346/tools/bin/../lib/gcc/arm-none-eabi/9.3.1/../../../../arm-none-eabi/lib/thumb/v7e-m/nofp\libc_nano.a(lib_a-impure.o)
 *(.RamFunc)
 *(.RamFunc*)
                0x0000000020000080                . = ALIGN (0x4)
                0x0000000020000080                _edata = .

.igot.plt       0x0000000020000080        0x0 load address 0x0000000008002510
 .igot.plt      0x0000000020000080        0x0 c:/st/stm32cubeide_1.7.0/stm32cubeide/plugins/com.st.stm32cube.ide.mcu.externaltools.gnu-tools-for-stm32.9-2020-q2-update.win32_2.0.0.202105311346/tools/bin/../lib/gcc/arm-none-eabi/9.3.1/thumb/v7e-m/nofp/crtbegin.o
                0x0000000020000080                . = ALIGN (0x4)

.bss            0x0000000020000080       0x78 load address 0x0000000008002510
                0x0000000020000080                _sbss = .
                0x0000000020000080                __bss_start__ = _sbss
 *(.bss)
 .bss           0x0000000020000080       0x1c c:/st/stm32cubeide_1.7.0/stm32cubeide/plugins/com.st.stm32cube.ide.mcu.externaltools.gnu-tools-for-stm32.9-2020-q2-update.win32_2.0.0.202105311346/tools/bin/../lib/gcc/arm-none-eabi/9.3.1/thumb/v7e-m/nofp/crtbegin.o
 *(.bss*)
 .bss.buf.5549  0x000000002000009c        0x9 ./Src/RTC_LCD.o
 *fill*         0x00000000200000a5        0x3 
 .bss.buf.5553  0x00000000200000a8        0x9 ./Src/RTC_LCD.o
 *fill*         0x00000000200000b1        0x3 
 .bss.__sbrk_heap_end
                0x00000000200000b4        0x4 ./Src/sysmem.o
 .bss.__malloc_free_list
                0x00000000200000b8        0x4 c:/st/stm32cubeide_1.7.0/stm32cubeide/plugins/com.st.stm32cube.ide.mcu.externaltools.gnu-tools-for-stm32.9-2020-q2-update.win32_2.0.0.202105311346/tools/bin/../lib/gcc/arm-none-eabi/9.3.1/../../../../arm-none-eabi/lib/thumb/v7e-m/nofp\libc_nano.a(lib_a-nano-mallocr.o)
                0x00000000200000b8                __malloc_free_list
 .bss.__malloc_sbrk_start
                0x00000000200000bc        0x4 c:/st/stm32cubeide_1.7.0/stm32cubeide/plugins/com.st.stm32cube.ide.mcu.externaltools.gnu-tools-for-stm32.9-2020-q2-update.win32_2.0.0.202105311346/tools/bin/../lib/gcc/arm-none-eabi/9.3.1/../../../../arm-none-eabi/lib/thumb/v7e-m/nofp\libc_nano.a(lib_a-nano-mallocr.o)
                0x00000000200000bc                __malloc_sbrk_start
 *(COMMON)
 COMMON         0x00000000200000c0       0x28 ./bsp/ds1307.o
                0x00000000200000c0                RTC_I2CHandle
 COMMON         0x00000000200000e8        0x9 c:/st/stm32cubeide_1.7.0/stm32cubeide/plugins/com.st.stm32cube.ide.mcu.externaltools.gnu-tools-for-stm32.9-2020-q2-update.win32_2.0.0.202105311346/tools/bin/../lib/gcc/arm-none-eabi/9.3.1/../../../../arm-none-eabi/lib/thumb/v7e-m/nofp\libc_nano.a(lib_a-lock.o)
                0x00000000200000e8                __lock___atexit_recursive_mutex
                0x00000000200000e9                __lock___arc4random_mutex
                0x00000000200000ea                __lock___env_recursive_mutex
                0x00000000200000eb                __lock___sinit_recursive_mutex
                0x00000000200000ec                __lock___malloc_recursive_mutex
                0x00000000200000ed                __lock___at_quick_exit_mutex
                0x00000000200000ee                __lock___dd_hash_mutex
                0x00000000200000ef                __lock___tz_mutex
                0x00000000200000f0                __lock___sfp_recursive_mutex
 *fill*         0x00000000200000f1        0x3 
 COMMON         0x00000000200000f4        0x4 c:/st/stm32cubeide_1.7.0/stm32cubeide/plugins/com.st.stm32cube.ide.mcu.externaltools.gnu-tools-for-stm32.9-2020-q2-update.win32_2.0.0.202105311346/tools/bin/../lib/gcc/arm-none-eabi/9.3.1/../../../../arm-none-eabi/lib/thumb/v7e-m/nofp\libc_nano.a(lib_a-reent.o)
                0x00000000200000f4                errno
                0x00000000200000f8                . = ALIGN (0x4)
                0x00000000200000f8                _ebss = .
                0x00000000200000f8                __bss_end__ = _ebss

._user_heap_stack
                0x00000000200000f8      0x600 load address 0x0000000008002510
                0x00000000200000f8                . = ALIGN (0x8)
                [!provide]                        PROVIDE (end = .)
                0x00000000200000f8                PROVIDE (_end = .)
                0x00000000200002f8                . = (. + _Min_Heap_Size)
 *fill*         0x00000000200000f8      0x200 
                0x00000000200006f8                . = (. + _Min_Stack_Size)
 *fill*         0x00000000200002f8      0x400 
                0x00000000200006f8                . = ALIGN (0x8)

/DISCARD/
 libc.a(*)
 libm.a(*)
 libgcc.a(*)

.ARM.attributes
                0x0000000000000000       0x2a
 *(.ARM.attributes)
 .ARM.attributes
                0x0000000000000000       0x1e c:/st/stm32cubeide_1.7.0/stm32cubeide/plugins/com.st.stm32cube.ide.mcu.externaltools.gnu-tools-for-stm32.9-2020-q2-update.win32_2.0.0.202105311346/tools/bin/../lib/gcc/arm-none-eabi/9.3.1/thumb/v7e-m/nofp/crti.o
 .ARM.attributes
                0x000000000000001e       0x2e c:/st/stm32cubeide_1.7.0/stm32cubeide/plugins/com.st.stm32cube.ide.mcu.externaltools.gnu-tools-for-stm32.9-2020-q2-update.win32_2.0.0.202105311346/tools/bin/../lib/gcc/arm-none-eabi/9.3.1/thumb/v7e-m/nofp/crtbegin.o
 .ARM.attributes
                0x000000000000004c       0x2e ./Src/RTC_LCD.o
 .ARM.attributes
                0x000000000000007a       0x2e ./Src/syscalls.o
 .ARM.attributes
                0x00000000000000a8       0x2e ./Src/sysmem.o
 .ARM.attributes
                0x00000000000000d6       0x21 ./Startup/startup_stm32f446retx.o
 .ARM.attributes
                0x00000000000000f7       0x2e ./bsp/ds1307.o
 .ARM.attributes
                0x0000000000000125       0x2e ./bsp/lcd.o
 .ARM.attributes
                0x0000000000000153       0x2e ./driver/Src/stm32f446xx_gpio_driver.o
 .ARM.attributes
                0x0000000000000181       0x2e ./driver/Src/stm32f446xx_i2c_driver.o
 .ARM.attributes
                0x00000000000001af       0x2e ./driver/Src/stm32f446xx_rcc_driver.o
 .ARM.attributes
                0x00000000000001dd       0x2e c:/st/stm32cubeide_1.7.0/stm32cubeide/plugins/com.st.stm32cube.ide.mcu.externaltools.gnu-tools-for-stm32.9-2020-q2-update.win32_2.0.0.202105311346/tools/bin/../lib/gcc/arm-none-eabi/9.3.1/../../../../arm-none-eabi/lib/thumb/v7e-m/nofp\libc_nano.a(lib_a-errno.o)
 .ARM.attributes
                0x000000000000020b       0x2e c:/st/stm32cubeide_1.7.0/stm32cubeide/plugins/com.st.stm32cube.ide.mcu.externaltools.gnu-tools-for-stm32.9-2020-q2-update.win32_2.0.0.202105311346/tools/bin/../lib/gcc/arm-none-eabi/9.3.1/../../../../arm-none-eabi/lib/thumb/v7e-m/nofp\libc_nano.a(lib_a-impure.o)
 .ARM.attributes
                0x0000000000000239       0x2e c:/st/stm32cubeide_1.7.0/stm32cubeide/plugins/com.st.stm32cube.ide.mcu.externaltools.gnu-tools-for-stm32.9-2020-q2-update.win32_2.0.0.202105311346/tools/bin/../lib/gcc/arm-none-eabi/9.3.1/../../../../arm-none-eabi/lib/thumb/v7e-m/nofp\libc_nano.a(lib_a-init.o)
 .ARM.attributes
                0x0000000000000267       0x2e c:/st/stm32cubeide_1.7.0/stm32cubeide/plugins/com.st.stm32cube.ide.mcu.externaltools.gnu-tools-for-stm32.9-2020-q2-update.win32_2.0.0.202105311346/tools/bin/../lib/gcc/arm-none-eabi/9.3.1/../../../../arm-none-eabi/lib/thumb/v7e-m/nofp\libc_nano.a(lib_a-memset.o)
 .ARM.attributes
                0x0000000000000295       0x2e c:/st/stm32cubeide_1.7.0/stm32cubeide/plugins/com.st.stm32cube.ide.mcu.externaltools.gnu-tools-for-stm32.9-2020-q2-update.win32_2.0.0.202105311346/tools/bin/../lib/gcc/arm-none-eabi/9.3.1/../../../../arm-none-eabi/lib/thumb/v7e-m/nofp\libc_nano.a(lib_a-puts.o)
 .ARM.attributes
                0x00000000000002c3       0x2e c:/st/stm32cubeide_1.7.0/stm32cubeide/plugins/com.st.stm32cube.ide.mcu.externaltools.gnu-tools-for-stm32.9-2020-q2-update.win32_2.0.0.202105311346/tools/bin/../lib/gcc/arm-none-eabi/9.3.1/../../../../arm-none-eabi/lib/thumb/v7e-m/nofp\libc_nano.a(lib_a-wbuf.o)
 .ARM.attributes
                0x00000000000002f1       0x2e c:/st/stm32cubeide_1.7.0/stm32cubeide/plugins/com.st.stm32cube.ide.mcu.externaltools.gnu-tools-for-stm32.9-2020-q2-update.win32_2.0.0.202105311346/tools/bin/../lib/gcc/arm-none-eabi/9.3.1/../../../../arm-none-eabi/lib/thumb/v7e-m/nofp\libc_nano.a(lib_a-wsetup.o)
 .ARM.attributes
                0x000000000000031f       0x2e c:/st/stm32cubeide_1.7.0/stm32cubeide/plugins/com.st.stm32cube.ide.mcu.externaltools.gnu-tools-for-stm32.9-2020-q2-update.win32_2.0.0.202105311346/tools/bin/../lib/gcc/arm-none-eabi/9.3.1/../../../../arm-none-eabi/lib/thumb/v7e-m/nofp\libc_nano.a(lib_a-fflush.o)
 .ARM.attributes
                0x000000000000034d       0x2e c:/st/stm32cubeide_1.7.0/stm32cubeide/plugins/com.st.stm32cube.ide.mcu.externaltools.gnu-tools-for-stm32.9-2020-q2-update.win32_2.0.0.202105311346/tools/bin/../lib/gcc/arm-none-eabi/9.3.1/../../../../arm-none-eabi/lib/thumb/v7e-m/nofp\libc_nano.a(lib_a-findfp.o)
 .ARM.attributes
                0x000000000000037b       0x2e c:/st/stm32cubeide_1.7.0/stm32cubeide/plugins/com.st.stm32cube.ide.mcu.externaltools.gnu-tools-for-stm32.9-2020-q2-update.win32_2.0.0.202105311346/tools/bin/../lib/gcc/arm-none-eabi/9.3.1/../../../../arm-none-eabi/lib/thumb/v7e-m/nofp\libc_nano.a(lib_a-fwalk.o)
 .ARM.attributes
                0x00000000000003a9       0x2e c:/st/stm32cubeide_1.7.0/stm32cubeide/plugins/com.st.stm32cube.ide.mcu.externaltools.gnu-tools-for-stm32.9-2020-q2-update.win32_2.0.0.202105311346/tools/bin/../lib/gcc/arm-none-eabi/9.3.1/../../../../arm-none-eabi/lib/thumb/v7e-m/nofp\libc_nano.a(lib_a-lock.o)
 .ARM.attributes
                0x00000000000003d7       0x2e c:/st/stm32cubeide_1.7.0/stm32cubeide/plugins/com.st.stm32cube.ide.mcu.externaltools.gnu-tools-for-stm32.9-2020-q2-update.win32_2.0.0.202105311346/tools/bin/../lib/gcc/arm-none-eabi/9.3.1/../../../../arm-none-eabi/lib/thumb/v7e-m/nofp\libc_nano.a(lib_a-makebuf.o)
 .ARM.attributes
                0x0000000000000405       0x2e c:/st/stm32cubeide_1.7.0/stm32cubeide/plugins/com.st.stm32cube.ide.mcu.externaltools.gnu-tools-for-stm32.9-2020-q2-update.win32_2.0.0.202105311346/tools/bin/../lib/gcc/arm-none-eabi/9.3.1/../../../../arm-none-eabi/lib/thumb/v7e-m/nofp\libc_nano.a(lib_a-nano-freer.o)
 .ARM.attributes
                0x0000000000000433       0x2e c:/st/stm32cubeide_1.7.0/stm32cubeide/plugins/com.st.stm32cube.ide.mcu.externaltools.gnu-tools-for-stm32.9-2020-q2-update.win32_2.0.0.202105311346/tools/bin/../lib/gcc/arm-none-eabi/9.3.1/../../../../arm-none-eabi/lib/thumb/v7e-m/nofp\libc_nano.a(lib_a-nano-mallocr.o)
 .ARM.attributes
                0x0000000000000461       0x2e c:/st/stm32cubeide_1.7.0/stm32cubeide/plugins/com.st.stm32cube.ide.mcu.externaltools.gnu-tools-for-stm32.9-2020-q2-update.win32_2.0.0.202105311346/tools/bin/../lib/gcc/arm-none-eabi/9.3.1/../../../../arm-none-eabi/lib/thumb/v7e-m/nofp\libc_nano.a(lib_a-sbrkr.o)
 .ARM.attributes
                0x000000000000048f       0x2e c:/st/stm32cubeide_1.7.0/stm32cubeide/plugins/com.st.stm32cube.ide.mcu.externaltools.gnu-tools-for-stm32.9-2020-q2-update.win32_2.0.0.202105311346/tools/bin/../lib/gcc/arm-none-eabi/9.3.1/../../../../arm-none-eabi/lib/thumb/v7e-m/nofp\libc_nano.a(lib_a-stdio.o)
 .ARM.attributes
                0x00000000000004bd       0x2e c:/st/stm32cubeide_1.7.0/stm32cubeide/plugins/com.st.stm32cube.ide.mcu.externaltools.gnu-tools-for-stm32.9-2020-q2-update.win32_2.0.0.202105311346/tools/bin/../lib/gcc/arm-none-eabi/9.3.1/../../../../arm-none-eabi/lib/thumb/v7e-m/nofp\libc_nano.a(lib_a-writer.o)
 .ARM.attributes
                0x00000000000004eb       0x2e c:/st/stm32cubeide_1.7.0/stm32cubeide/plugins/com.st.stm32cube.ide.mcu.externaltools.gnu-tools-for-stm32.9-2020-q2-update.win32_2.0.0.202105311346/tools/bin/../lib/gcc/arm-none-eabi/9.3.1/../../../../arm-none-eabi/lib/thumb/v7e-m/nofp\libc_nano.a(lib_a-closer.o)
 .ARM.attributes
                0x0000000000000519       0x2e c:/st/stm32cubeide_1.7.0/stm32cubeide/plugins/com.st.stm32cube.ide.mcu.externaltools.gnu-tools-for-stm32.9-2020-q2-update.win32_2.0.0.202105311346/tools/bin/../lib/gcc/arm-none-eabi/9.3.1/../../../../arm-none-eabi/lib/thumb/v7e-m/nofp\libc_nano.a(lib_a-fstatr.o)
 .ARM.attributes
                0x0000000000000547       0x2e c:/st/stm32cubeide_1.7.0/stm32cubeide/plugins/com.st.stm32cube.ide.mcu.externaltools.gnu-tools-for-stm32.9-2020-q2-update.win32_2.0.0.202105311346/tools/bin/../lib/gcc/arm-none-eabi/9.3.1/../../../../arm-none-eabi/lib/thumb/v7e-m/nofp\libc_nano.a(lib_a-isattyr.o)
 .ARM.attributes
                0x0000000000000575       0x2e c:/st/stm32cubeide_1.7.0/stm32cubeide/plugins/com.st.stm32cube.ide.mcu.externaltools.gnu-tools-for-stm32.9-2020-q2-update.win32_2.0.0.202105311346/tools/bin/../lib/gcc/arm-none-eabi/9.3.1/../../../../arm-none-eabi/lib/thumb/v7e-m/nofp\libc_nano.a(lib_a-lseekr.o)
 .ARM.attributes
                0x00000000000005a3       0x2e c:/st/stm32cubeide_1.7.0/stm32cubeide/plugins/com.st.stm32cube.ide.mcu.externaltools.gnu-tools-for-stm32.9-2020-q2-update.win32_2.0.0.202105311346/tools/bin/../lib/gcc/arm-none-eabi/9.3.1/../../../../arm-none-eabi/lib/thumb/v7e-m/nofp\libc_nano.a(lib_a-mlock.o)
 .ARM.attributes
                0x00000000000005d1       0x2e c:/st/stm32cubeide_1.7.0/stm32cubeide/plugins/com.st.stm32cube.ide.mcu.externaltools.gnu-tools-for-stm32.9-2020-q2-update.win32_2.0.0.202105311346/tools/bin/../lib/gcc/arm-none-eabi/9.3.1/../../../../arm-none-eabi/lib/thumb/v7e-m/nofp\libc_nano.a(lib_a-readr.o)
 .ARM.attributes
                0x00000000000005ff       0x2e c:/st/stm32cubeide_1.7.0/stm32cubeide/plugins/com.st.stm32cube.ide.mcu.externaltools.gnu-tools-for-stm32.9-2020-q2-update.win32_2.0.0.202105311346/tools/bin/../lib/gcc/arm-none-eabi/9.3.1/../../../../arm-none-eabi/lib/thumb/v7e-m/nofp\libc_nano.a(lib_a-reent.o)
 .ARM.attributes
                0x000000000000062d       0x1e c:/st/stm32cubeide_1.7.0/stm32cubeide/plugins/com.st.stm32cube.ide.mcu.externaltools.gnu-tools-for-stm32.9-2020-q2-update.win32_2.0.0.202105311346/tools/bin/../lib/gcc/arm-none-eabi/9.3.1/thumb/v7e-m/nofp/crtn.o
OUTPUT(RTC_LCD.elf elf32-littlearm)
LOAD linker stubs
LOAD c:/st/stm32cubeide_1.7.0/stm32cubeide/plugins/com.st.stm32cube.ide.mcu.externaltools.gnu-tools-for-stm32.9-2020-q2-update.win32_2.0.0.202105311346/tools/bin/../lib/gcc/arm-none-eabi/9.3.1/../../../../arm-none-eabi/lib/thumb/v7e-m/nofp\libc.a
LOAD c:/st/stm32cubeide_1.7.0/stm32cubeide/plugins/com.st.stm32cube.ide.mcu.externaltools.gnu-tools-for-stm32.9-2020-q2-update.win32_2.0.0.202105311346/tools/bin/../lib/gcc/arm-none-eabi/9.3.1/../../../../arm-none-eabi/lib/thumb/v7e-m/nofp\libm.a
LOAD c:/st/stm32cubeide_1.7.0/stm32cubeide/plugins/com.st.stm32cube.ide.mcu.externaltools.gnu-tools-for-stm32.9-2020-q2-update.win32_2.0.0.202105311346/tools/bin/../lib/gcc/arm-none-eabi/9.3.1/thumb/v7e-m/nofp\libgcc.a

.debug_info     0x0000000000000000     0x5010
 .debug_info    0x0000000000000000      0xc52 ./Src/RTC_LCD.o
 .debug_info    0x0000000000000c52      0xfed ./Src/syscalls.o
 .debug_info    0x0000000000001c3f      0xa25 ./Src/sysmem.o
 .debug_info    0x0000000000002664       0x22 ./Startup/startup_stm32f446retx.o
 .debug_info    0x0000000000002686      0xfe4 ./bsp/ds1307.o
 .debug_info    0x000000000000366a      0x3a8 ./bsp/lcd.o
 .debug_info    0x0000000000003a12      0x7ef ./driver/Src/stm32f446xx_gpio_driver.o
 .debug_info    0x0000000000004201      0xa18 ./driver/Src/stm32f446xx_i2c_driver.o
 .debug_info    0x0000000000004c19      0x3f7 ./driver/Src/stm32f446xx_rcc_driver.o

.debug_abbrev   0x0000000000000000      0xfb0
 .debug_abbrev  0x0000000000000000      0x276 ./Src/RTC_LCD.o
 .debug_abbrev  0x0000000000000276      0x2a0 ./Src/syscalls.o
 .debug_abbrev  0x0000000000000516      0x1bf ./Src/sysmem.o
 .debug_abbrev  0x00000000000006d5       0x12 ./Startup/startup_stm32f446retx.o
 .debug_abbrev  0x00000000000006e7      0x2a3 ./bsp/ds1307.o
 .debug_abbrev  0x000000000000098a      0x178 ./bsp/lcd.o
 .debug_abbrev  0x0000000000000b02      0x173 ./driver/Src/stm32f446xx_gpio_driver.o
 .debug_abbrev  0x0000000000000c75      0x22a ./driver/Src/stm32f446xx_i2c_driver.o
 .debug_abbrev  0x0000000000000e9f      0x111 ./driver/Src/stm32f446xx_rcc_driver.o

.debug_aranges  0x0000000000000000      0x3d0
 .debug_aranges
                0x0000000000000000       0x78 ./Src/RTC_LCD.o
 .debug_aranges
                0x0000000000000078       0xb0 ./Src/syscalls.o
 .debug_aranges
                0x0000000000000128       0x20 ./Src/sysmem.o
 .debug_aranges
                0x0000000000000148       0x28 ./Startup/startup_stm32f446retx.o
 .debug_aranges
                0x0000000000000170       0x70 ./bsp/ds1307.o
 .debug_aranges
                0x00000000000001e0       0x78 ./bsp/lcd.o
 .debug_aranges
                0x0000000000000258       0x78 ./driver/Src/stm32f446xx_gpio_driver.o
 .debug_aranges
                0x00000000000002d0       0xd0 ./driver/Src/stm32f446xx_i2c_driver.o
 .debug_aranges
                0x00000000000003a0       0x30 ./driver/Src/stm32f446xx_rcc_driver.o

.debug_ranges   0x0000000000000000      0x348
 .debug_ranges  0x0000000000000000       0x68 ./Src/RTC_LCD.o
 .debug_ranges  0x0000000000000068       0xa0 ./Src/syscalls.o
 .debug_ranges  0x0000000000000108       0x10 ./Src/sysmem.o
 .debug_ranges  0x0000000000000118       0x20 ./Startup/startup_stm32f446retx.o
 .debug_ranges  0x0000000000000138       0x60 ./bsp/ds1307.o
 .debug_ranges  0x0000000000000198       0x68 ./bsp/lcd.o
 .debug_ranges  0x0000000000000200       0x68 ./driver/Src/stm32f446xx_gpio_driver.o
 .debug_ranges  0x0000000000000268       0xc0 ./driver/Src/stm32f446xx_i2c_driver.o
 .debug_ranges  0x0000000000000328       0x20 ./driver/Src/stm32f446xx_rcc_driver.o

.debug_macro    0x0000000000000000     0x3b5e
 .debug_macro   0x0000000000000000      0x22f ./Src/RTC_LCD.o
 .debug_macro   0x000000000000022f      0xaa8 ./Src/RTC_LCD.o
 .debug_macro   0x0000000000000cd7       0x22 ./Src/RTC_LCD.o
 .debug_macro   0x0000000000000cf9       0x4c ./Src/RTC_LCD.o
 .debug_macro   0x0000000000000d45       0x18 ./Src/RTC_LCD.o
 .debug_macro   0x0000000000000d5d       0x94 ./Src/RTC_LCD.o
 .debug_macro   0x0000000000000df1       0x3c ./Src/RTC_LCD.o
 .debug_macro   0x0000000000000e2d       0x34 ./Src/RTC_LCD.o
 .debug_macro   0x0000000000000e61       0x16 ./Src/RTC_LCD.o
 .debug_macro   0x0000000000000e77       0x57 ./Src/RTC_LCD.o
 .debug_macro   0x0000000000000ece       0x97 ./Src/RTC_LCD.o
 .debug_macro   0x0000000000000f65      0x339 ./Src/RTC_LCD.o
 .debug_macro   0x000000000000129e       0xfd ./Src/RTC_LCD.o
 .debug_macro   0x000000000000139b       0x10 ./Src/RTC_LCD.o
 .debug_macro   0x00000000000013ab       0x16 ./Src/RTC_LCD.o
 .debug_macro   0x00000000000013c1       0x43 ./Src/RTC_LCD.o
 .debug_macro   0x0000000000001404       0x34 ./Src/RTC_LCD.o
 .debug_macro   0x0000000000001438       0x10 ./Src/RTC_LCD.o
 .debug_macro   0x0000000000001448       0x58 ./Src/RTC_LCD.o
 .debug_macro   0x00000000000014a0       0x71 ./Src/RTC_LCD.o
 .debug_macro   0x0000000000001511       0x1c ./Src/RTC_LCD.o
 .debug_macro   0x000000000000152d      0x12a ./Src/RTC_LCD.o
 .debug_macro   0x0000000000001657       0x10 ./Src/RTC_LCD.o
 .debug_macro   0x0000000000001667       0x6a ./Src/RTC_LCD.o
 .debug_macro   0x00000000000016d1       0x1c ./Src/RTC_LCD.o
 .debug_macro   0x00000000000016ed       0x52 ./Src/RTC_LCD.o
 .debug_macro   0x000000000000173f       0x22 ./Src/RTC_LCD.o
 .debug_macro   0x0000000000001761       0x10 ./Src/RTC_LCD.o
 .debug_macro   0x0000000000001771       0x40 ./Src/RTC_LCD.o
 .debug_macro   0x00000000000017b1       0xd5 ./Src/RTC_LCD.o
 .debug_macro   0x0000000000001886       0x1c ./Src/RTC_LCD.o
 .debug_macro   0x00000000000018a2       0x3d ./Src/RTC_LCD.o
 .debug_macro   0x00000000000018df       0x16 ./Src/RTC_LCD.o
 .debug_macro   0x00000000000018f5      0x145 ./Src/RTC_LCD.o
 .debug_macro   0x0000000000001a3a      0x103 ./Src/RTC_LCD.o
 .debug_macro   0x0000000000001b3d      0x1df ./Src/RTC_LCD.o
 .debug_macro   0x0000000000001d1c      0x7b6 ./Src/RTC_LCD.o
 .debug_macro   0x00000000000024d2       0xdc ./Src/RTC_LCD.o
 .debug_macro   0x00000000000025ae       0xa6 ./Src/RTC_LCD.o
 .debug_macro   0x0000000000002654       0x94 ./Src/RTC_LCD.o
 .debug_macro   0x00000000000026e8       0x58 ./Src/RTC_LCD.o
 .debug_macro   0x0000000000002740      0x25e ./Src/syscalls.o
 .debug_macro   0x000000000000299e      0x174 ./Src/syscalls.o
 .debug_macro   0x0000000000002b12       0x10 ./Src/syscalls.o
 .debug_macro   0x0000000000002b22       0x35 ./Src/syscalls.o
 .debug_macro   0x0000000000002b57       0x10 ./Src/syscalls.o
 .debug_macro   0x0000000000002b67       0x10 ./Src/syscalls.o
 .debug_macro   0x0000000000002b77       0x35 ./Src/syscalls.o
 .debug_macro   0x0000000000002bac      0x12c ./Src/syscalls.o
 .debug_macro   0x0000000000002cd8       0x16 ./Src/syscalls.o
 .debug_macro   0x0000000000002cee       0x16 ./Src/syscalls.o
 .debug_macro   0x0000000000002d04       0x29 ./Src/syscalls.o
 .debug_macro   0x0000000000002d2d       0x10 ./Src/syscalls.o
 .debug_macro   0x0000000000002d3d      0x241 ./Src/syscalls.o
 .debug_macro   0x0000000000002f7e       0x1c ./Src/syscalls.o
 .debug_macro   0x0000000000002f9a       0x10 ./Src/syscalls.o
 .debug_macro   0x0000000000002faa      0x189 ./Src/syscalls.o
 .debug_macro   0x0000000000003133       0x16 ./Src/syscalls.o
 .debug_macro   0x0000000000003149       0xce ./Src/syscalls.o
 .debug_macro   0x0000000000003217       0xff ./Src/sysmem.o
 .debug_macro   0x0000000000003316      0x23b ./Src/sysmem.o
 .debug_macro   0x0000000000003551      0x18b ./bsp/ds1307.o
 .debug_macro   0x00000000000036dc       0x8e ./bsp/ds1307.o
 .debug_macro   0x000000000000376a       0x51 ./bsp/ds1307.o
 .debug_macro   0x00000000000037bb       0x52 ./bsp/ds1307.o
 .debug_macro   0x000000000000380d       0x10 ./bsp/ds1307.o
 .debug_macro   0x000000000000381d       0x20 ./bsp/ds1307.o
 .debug_macro   0x000000000000383d       0xbd ./bsp/lcd.o
 .debug_macro   0x00000000000038fa       0x52 ./bsp/lcd.o
 .debug_macro   0x000000000000394c       0xae ./driver/Src/stm32f446xx_gpio_driver.o
 .debug_macro   0x00000000000039fa       0xb2 ./driver/Src/stm32f446xx_i2c_driver.o
 .debug_macro   0x0000000000003aac       0xb2 ./driver/Src/stm32f446xx_rcc_driver.o

.debug_line     0x0000000000000000     0x3ea4
 .debug_line    0x0000000000000000      0x848 ./Src/RTC_LCD.o
 .debug_line    0x0000000000000848      0x832 ./Src/syscalls.o
 .debug_line    0x000000000000107a      0x4f3 ./Src/sysmem.o
 .debug_line    0x000000000000156d       0x84 ./Startup/startup_stm32f446retx.o
 .debug_line    0x00000000000015f1      0x7ae ./bsp/ds1307.o
 .debug_line    0x0000000000001d9f      0x61c ./bsp/lcd.o
 .debug_line    0x00000000000023bb      0x939 ./driver/Src/stm32f446xx_gpio_driver.o
 .debug_line    0x0000000000002cf4      0xc61 ./driver/Src/stm32f446xx_i2c_driver.o
 .debug_line    0x0000000000003955      0x54f ./driver/Src/stm32f446xx_rcc_driver.o

.debug_str      0x0000000000000000     0xcdc9
 .debug_str     0x0000000000000000     0xab67 ./Src/RTC_LCD.o
                                       0xae15 (size before relaxing)
 .debug_str     0x000000000000ab67     0x17f2 ./Src/syscalls.o
                                       0x8f7c (size before relaxing)
 .debug_str     0x000000000000c359       0x66 ./Src/sysmem.o
                                       0x6294 (size before relaxing)
 .debug_str     0x000000000000c3bf       0x31 ./Startup/startup_stm32f446retx.o
                                         0x8d (size before relaxing)
 .debug_str     0x000000000000c3f0      0x329 ./bsp/ds1307.o
                                       0x9fe0 (size before relaxing)
 .debug_str     0x000000000000c719       0xc2 ./bsp/lcd.o
                                       0x6b19 (size before relaxing)
 .debug_str     0x000000000000c7db      0x2d2 ./driver/Src/stm32f446xx_gpio_driver.o
                                       0x6c0f (size before relaxing)
 .debug_str     0x000000000000caad      0x24e ./driver/Src/stm32f446xx_i2c_driver.o
                                       0x6cd9 (size before relaxing)
 .debug_str     0x000000000000ccfb       0xce ./driver/Src/stm32f446xx_rcc_driver.o
                                       0x6a52 (size before relaxing)

.comment        0x0000000000000000       0x53
 .comment       0x0000000000000000       0x53 ./Src/RTC_LCD.o
                                         0x54 (size before relaxing)
 .comment       0x0000000000000053       0x54 ./Src/syscalls.o
 .comment       0x0000000000000053       0x54 ./Src/sysmem.o
 .comment       0x0000000000000053       0x54 ./bsp/ds1307.o
 .comment       0x0000000000000053       0x54 ./bsp/lcd.o
 .comment       0x0000000000000053       0x54 ./driver/Src/stm32f446xx_gpio_driver.o
 .comment       0x0000000000000053       0x54 ./driver/Src/stm32f446xx_i2c_driver.o
 .comment       0x0000000000000053       0x54 ./driver/Src/stm32f446xx_rcc_driver.o

.debug_frame    0x0000000000000000     0x14cc
 .debug_frame   0x0000000000000000      0x1c4 ./Src/RTC_LCD.o
 .debug_frame   0x00000000000001c4      0x2d4 ./Src/syscalls.o
 .debug_frame   0x0000000000000498       0x34 ./Src/sysmem.o
 .debug_frame   0x00000000000004cc      0x19c ./bsp/ds1307.o
 .debug_frame   0x0000000000000668      0x1a8 ./bsp/lcd.o
 .debug_frame   0x0000000000000810      0x1f0 ./driver/Src/stm32f446xx_gpio_driver.o
 .debug_frame   0x0000000000000a00      0x380 ./driver/Src/stm32f446xx_i2c_driver.o
 .debug_frame   0x0000000000000d80       0x84 ./driver/Src/stm32f446xx_rcc_driver.o
 .debug_frame   0x0000000000000e04       0x20 c:/st/stm32cubeide_1.7.0/stm32cubeide/plugins/com.st.stm32cube.ide.mcu.externaltools.gnu-tools-for-stm32.9-2020-q2-update.win32_2.0.0.202105311346/tools/bin/../lib/gcc/arm-none-eabi/9.3.1/../../../../arm-none-eabi/lib/thumb/v7e-m/nofp\libc_nano.a(lib_a-errno.o)
 .debug_frame   0x0000000000000e24       0x2c c:/st/stm32cubeide_1.7.0/stm32cubeide/plugins/com.st.stm32cube.ide.mcu.externaltools.gnu-tools-for-stm32.9-2020-q2-update.win32_2.0.0.202105311346/tools/bin/../lib/gcc/arm-none-eabi/9.3.1/../../../../arm-none-eabi/lib/thumb/v7e-m/nofp\libc_nano.a(lib_a-init.o)
 .debug_frame   0x0000000000000e50       0x20 c:/st/stm32cubeide_1.7.0/stm32cubeide/plugins/com.st.stm32cube.ide.mcu.externaltools.gnu-tools-for-stm32.9-2020-q2-update.win32_2.0.0.202105311346/tools/bin/../lib/gcc/arm-none-eabi/9.3.1/../../../../arm-none-eabi/lib/thumb/v7e-m/nofp\libc_nano.a(lib_a-memset.o)
 .debug_frame   0x0000000000000e70       0x3c c:/st/stm32cubeide_1.7.0/stm32cubeide/plugins/com.st.stm32cube.ide.mcu.externaltools.gnu-tools-for-stm32.9-2020-q2-update.win32_2.0.0.202105311346/tools/bin/../lib/gcc/arm-none-eabi/9.3.1/../../../../arm-none-eabi/lib/thumb/v7e-m/nofp\libc_nano.a(lib_a-puts.o)
 .debug_frame   0x0000000000000eac       0x40 c:/st/stm32cubeide_1.7.0/stm32cubeide/plugins/com.st.stm32cube.ide.mcu.externaltools.gnu-tools-for-stm32.9-2020-q2-update.win32_2.0.0.202105311346/tools/bin/../lib/gcc/arm-none-eabi/9.3.1/../../../../arm-none-eabi/lib/thumb/v7e-m/nofp\libc_nano.a(lib_a-wbuf.o)
 .debug_frame   0x0000000000000eec       0x2c c:/st/stm32cubeide_1.7.0/stm32cubeide/plugins/com.st.stm32cube.ide.mcu.externaltools.gnu-tools-for-stm32.9-2020-q2-update.win32_2.0.0.202105311346/tools/bin/../lib/gcc/arm-none-eabi/9.3.1/../../../../arm-none-eabi/lib/thumb/v7e-m/nofp\libc_nano.a(lib_a-wsetup.o)
 .debug_frame   0x0000000000000f18       0x5c c:/st/stm32cubeide_1.7.0/stm32cubeide/plugins/com.st.stm32cube.ide.mcu.externaltools.gnu-tools-for-stm32.9-2020-q2-update.win32_2.0.0.202105311346/tools/bin/../lib/gcc/arm-none-eabi/9.3.1/../../../../arm-none-eabi/lib/thumb/v7e-m/nofp\libc_nano.a(lib_a-fflush.o)
 .debug_frame   0x0000000000000f74      0x14c c:/st/stm32cubeide_1.7.0/stm32cubeide/plugins/com.st.stm32cube.ide.mcu.externaltools.gnu-tools-for-stm32.9-2020-q2-update.win32_2.0.0.202105311346/tools/bin/../lib/gcc/arm-none-eabi/9.3.1/../../../../arm-none-eabi/lib/thumb/v7e-m/nofp\libc_nano.a(lib_a-findfp.o)
 .debug_frame   0x00000000000010c0       0x54 c:/st/stm32cubeide_1.7.0/stm32cubeide/plugins/com.st.stm32cube.ide.mcu.externaltools.gnu-tools-for-stm32.9-2020-q2-update.win32_2.0.0.202105311346/tools/bin/../lib/gcc/arm-none-eabi/9.3.1/../../../../arm-none-eabi/lib/thumb/v7e-m/nofp\libc_nano.a(lib_a-fwalk.o)
 .debug_frame   0x0000000000001114       0xb0 c:/st/stm32cubeide_1.7.0/stm32cubeide/plugins/com.st.stm32cube.ide.mcu.externaltools.gnu-tools-for-stm32.9-2020-q2-update.win32_2.0.0.202105311346/tools/bin/../lib/gcc/arm-none-eabi/9.3.1/../../../../arm-none-eabi/lib/thumb/v7e-m/nofp\libc_nano.a(lib_a-lock.o)
 .debug_frame   0x00000000000011c4       0x58 c:/st/stm32cubeide_1.7.0/stm32cubeide/plugins/com.st.stm32cube.ide.mcu.externaltools.gnu-tools-for-stm32.9-2020-q2-update.win32_2.0.0.202105311346/tools/bin/../lib/gcc/arm-none-eabi/9.3.1/../../../../arm-none-eabi/lib/thumb/v7e-m/nofp\libc_nano.a(lib_a-makebuf.o)
 .debug_frame   0x000000000000121c       0x38 c:/st/stm32cubeide_1.7.0/stm32cubeide/plugins/com.st.stm32cube.ide.mcu.externaltools.gnu-tools-for-stm32.9-2020-q2-update.win32_2.0.0.202105311346/tools/bin/../lib/gcc/arm-none-eabi/9.3.1/../../../../arm-none-eabi/lib/thumb/v7e-m/nofp\libc_nano.a(lib_a-nano-freer.o)
 .debug_frame   0x0000000000001254       0x30 c:/st/stm32cubeide_1.7.0/stm32cubeide/plugins/com.st.stm32cube.ide.mcu.externaltools.gnu-tools-for-stm32.9-2020-q2-update.win32_2.0.0.202105311346/tools/bin/../lib/gcc/arm-none-eabi/9.3.1/../../../../arm-none-eabi/lib/thumb/v7e-m/nofp\libc_nano.a(lib_a-nano-mallocr.o)
 .debug_frame   0x0000000000001284       0x2c c:/st/stm32cubeide_1.7.0/stm32cubeide/plugins/com.st.stm32cube.ide.mcu.externaltools.gnu-tools-for-stm32.9-2020-q2-update.win32_2.0.0.202105311346/tools/bin/../lib/gcc/arm-none-eabi/9.3.1/../../../../arm-none-eabi/lib/thumb/v7e-m/nofp\libc_nano.a(lib_a-sbrkr.o)
 .debug_frame   0x00000000000012b0       0x88 c:/st/stm32cubeide_1.7.0/stm32cubeide/plugins/com.st.stm32cube.ide.mcu.externaltools.gnu-tools-for-stm32.9-2020-q2-update.win32_2.0.0.202105311346/tools/bin/../lib/gcc/arm-none-eabi/9.3.1/../../../../arm-none-eabi/lib/thumb/v7e-m/nofp\libc_nano.a(lib_a-stdio.o)
 .debug_frame   0x0000000000001338       0x2c c:/st/stm32cubeide_1.7.0/stm32cubeide/plugins/com.st.stm32cube.ide.mcu.externaltools.gnu-tools-for-stm32.9-2020-q2-update.win32_2.0.0.202105311346/tools/bin/../lib/gcc/arm-none-eabi/9.3.1/../../../../arm-none-eabi/lib/thumb/v7e-m/nofp\libc_nano.a(lib_a-writer.o)
 .debug_frame   0x0000000000001364       0x2c c:/st/stm32cubeide_1.7.0/stm32cubeide/plugins/com.st.stm32cube.ide.mcu.externaltools.gnu-tools-for-stm32.9-2020-q2-update.win32_2.0.0.202105311346/tools/bin/../lib/gcc/arm-none-eabi/9.3.1/../../../../arm-none-eabi/lib/thumb/v7e-m/nofp\libc_nano.a(lib_a-closer.o)
 .debug_frame   0x0000000000001390       0x2c c:/st/stm32cubeide_1.7.0/stm32cubeide/plugins/com.st.stm32cube.ide.mcu.externaltools.gnu-tools-for-stm32.9-2020-q2-update.win32_2.0.0.202105311346/tools/bin/../lib/gcc/arm-none-eabi/9.3.1/../../../../arm-none-eabi/lib/thumb/v7e-m/nofp\libc_nano.a(lib_a-fstatr.o)
 .debug_frame   0x00000000000013bc       0x2c c:/st/stm32cubeide_1.7.0/stm32cubeide/plugins/com.st.stm32cube.ide.mcu.externaltools.gnu-tools-for-stm32.9-2020-q2-update.win32_2.0.0.202105311346/tools/bin/../lib/gcc/arm-none-eabi/9.3.1/../../../../arm-none-eabi/lib/thumb/v7e-m/nofp\libc_nano.a(lib_a-isattyr.o)
 .debug_frame   0x00000000000013e8       0x2c c:/st/stm32cubeide_1.7.0/stm32cubeide/plugins/com.st.stm32cube.ide.mcu.externaltools.gnu-tools-for-stm32.9-2020-q2-update.win32_2.0.0.202105311346/tools/bin/../lib/gcc/arm-none-eabi/9.3.1/../../../../arm-none-eabi/lib/thumb/v7e-m/nofp\libc_nano.a(lib_a-lseekr.o)
 .debug_frame   0x0000000000001414       0x30 c:/st/stm32cubeide_1.7.0/stm32cubeide/plugins/com.st.stm32cube.ide.mcu.externaltools.gnu-tools-for-stm32.9-2020-q2-update.win32_2.0.0.202105311346/tools/bin/../lib/gcc/arm-none-eabi/9.3.1/../../../../arm-none-eabi/lib/thumb/v7e-m/nofp\libc_nano.a(lib_a-mlock.o)
 .debug_frame   0x0000000000001444       0x2c c:/st/stm32cubeide_1.7.0/stm32cubeide/plugins/com.st.stm32cube.ide.mcu.externaltools.gnu-tools-for-stm32.9-2020-q2-update.win32_2.0.0.202105311346/tools/bin/../lib/gcc/arm-none-eabi/9.3.1/../../../../arm-none-eabi/lib/thumb/v7e-m/nofp\libc_nano.a(lib_a-readr.o)
 .debug_frame   0x0000000000001470       0x5c c:/st/stm32cubeide_1.7.0/stm32cubeide/plugins/com.st.stm32cube.ide.mcu.externaltools.gnu-tools-for-stm32.9-2020-q2-update.win32_2.0.0.202105311346/tools/bin/../lib/gcc/arm-none-eabi/9.3.1/../../../../arm-none-eabi/lib/thumb/v7e-m/nofp\libc_nano.a(lib_a-reent.o)
